******************************************************************************
                  TI ARM Linker Unix v20.2.7                   
******************************************************************************
>> Linked Thu Dec 12 20:27:04 2024

OUTPUT FILE NAME:   <Project_SERVO.out>
ENTRY POINT SYMBOL: "_c_int00_noargs"  address: 00000e2d


MEMORY CONFIGURATION

         name            origin    length      used     unused   attr    fill
----------------------  --------  ---------  --------  --------  ----  --------
  FLASH                 00000000   00040000  00001100  0003ef00  R  X
  SRAM                  20000000   00008000  00000220  00007de0  RW X


SEGMENT ALLOCATION MAP

run origin  load origin   length   init length attrs members
----------  ----------- ---------- ----------- ----- -------
00000000    00000000    00001100   00001100    r-x
  00000000    00000000    0000026c   0000026c    r-- .intvecs
  0000026c    0000026c    00000d68   00000d68    r-x .text
  00000fd4    00000fd4    000000fc   000000fc    r-- .const
  000010d0    000010d0    00000030   00000030    r-- .cinit
20000000    20000000    00000220   00000000    rw-
  20000000    20000000    00000200   00000000    rw- .stack
  20000200    20000200    00000018   00000000    rw- .bss
  20000218    20000218    00000008   00000000    rw- .data


SECTION ALLOCATION MAP

 output                                  attributes/
section   page    origin      length       input sections
--------  ----  ----------  ----------   ----------------
.intvecs   0    00000000    0000026c     
                  00000000    0000026c     tm4c123gh6pm_startup_ccs.obj (.intvecs)

.text      0    0000026c    00000d68     
                  0000026c    000002e8     main.obj (.text)
                  00000554    000001b6     rtsv7M4_T_le_v4SPD16_eabi.lib : fd_add_t2.asm.obj (.text)
                  0000070a    00000136                                   : fd_div_t2.asm.obj (.text)
                  00000840    00000132     driverlib.lib : gpio.obj (.text:GPIOPadConfigSet)
                  00000972    00000002     --HOLE-- [fill = 0]
                  00000974    00000110                   : sysctl.obj (.text:SysCtlClockGet)
                  00000a84    000000f4                   : sysctl.obj (.text:SysCtlClockSet)
                  00000b78    0000009c     rtsv7M4_T_le_v4SPD16_eabi.lib : memcpy_t2.asm.obj (.text)
                  00000c14    0000006e                                   : fd_tos_t2.asm.obj (.text)
                  00000c82    00000068                                   : copy_decompress_lzss.c.obj (.text:decompress:lzss:__TI_decompress_lzss)
                  00000cea    00000002     --HOLE-- [fill = 0]
                  00000cec    00000048     driverlib.lib : gpio.obj (.text:GPIOPinConfigure)
                  00000d34    00000046                   : uart.obj (.text:UARTConfigSetExpClk)
                  00000d7a    00000002     --HOLE-- [fill = 0]
                  00000d7c    00000044     rtsv7M4_T_le_v4SPD16_eabi.lib : autoinit.c.obj (.text:__TI_auto_init_nobinit_nopinit:__TI_auto_init_nobinit_nopinit)
                  00000dc0    00000038                                   : fs_tod_t2.asm.obj (.text)
                  00000df8    00000034     driverlib.lib : sysctl.obj (.text:SysCtlPeripheralEnable)
                  00000e2c    00000034     rtsv7M4_T_le_v4SPD16_eabi.lib : boot_cortex_m.c.obj (.text:_c_int00_noargs:_c_int00_noargs)
                  00000e60    0000002a     driverlib.lib : gpio.obj (.text:GPIODirModeSet)
                  00000e8a    00000022                   : pwm.obj (.text:PWMGenConfigure)
                  00000eac    00000020                   : uart.obj (.text:UARTDisable)
                  00000ecc    0000001e                   : pwm.obj (.text:PWMPulseWidthSet)
                  00000eea    0000001c     rtsv7M4_T_le_v4SPD16_eabi.lib : copy_zero_init.c.obj (.text:decompress:ZI:__TI_zero_init_nomemset:__TI_zero_init_nomemset)
                  00000f06    00000002     --HOLE-- [fill = 0]
                  00000f08    00000014     driverlib.lib : sysctl.obj (.text:SysCtlPWMClockSet)
                  00000f1c    00000014                   : uart.obj (.text:UARTEnable)
                  00000f30    00000012                   : gpio.obj (.text:GPIOPinTypePWM)
                  00000f42    00000012                   : gpio.obj (.text:GPIOPinTypeUART)
                  00000f54    00000012                   : pwm.obj (.text:PWMGenPeriodGet)
                  00000f66    00000012                   : pwm.obj (.text:PWMOutputState)
                  00000f78    00000010                   : pwm.obj (.text:PWMGenPeriodSet)
                  00000f88    0000000e                   : uart.obj (.text:UARTCharsAvail)
                  00000f96    0000000e     rtsv7M4_T_le_v4SPD16_eabi.lib : copy_decompress_none.c.obj (.text:decompress:none:__TI_decompress_none)
                  00000fa4    0000000c     driverlib.lib : pwm.obj (.text:PWMGenEnable)
                  00000fb0    0000000c     tm4c123gh6pm_startup_ccs.obj (.text)
                  00000fbc    0000000a     driverlib.lib : uart.obj (.text:UARTCharGet)
                  00000fc6    00000006                   : sysctl.obj (.text:SysCtlDelay)
                  00000fcc    00000004     rtsv7M4_T_le_v4SPD16_eabi.lib : pre_init.c.obj (.text:_system_pre_init)
                  00000fd0    00000004                                   : exit.c.obj (.text:abort:abort)

.const     0    00000fd4    000000fc     
                  00000fd4    00000090     driverlib.lib : gpio.obj (.const:g_pui32GPIOBaseAddrs)
                  00001064    0000006c                   : sysctl.obj (.const:g_pui32Xtals)

.cinit     0    000010d0    00000030     
                  000010d0    0000000c     (__TI_handler_table)
                  000010dc    0000000b     (.cinit..data.load) [load image, compression = lzss]
                  000010e7    00000001     --HOLE-- [fill = 0]
                  000010e8    00000008     (.cinit..bss.load) [load image, compression = zero_init]
                  000010f0    00000010     (__TI_cinit_table)

.init_array 
*          0    00000000    00000000     UNINITIALIZED

.bss       0    20000200    00000018     UNINITIALIZED
                  20000200    00000010     (.common:receiveArr)
                  20000210    00000004     (.common:pitch_duty_cycle)
                  20000214    00000004     (.common:yaw_duty_cycle)

.data      0    20000218    00000008     UNINITIALIZED
                  20000218    00000008     main.obj (.data)

.stack     0    20000000    00000200     UNINITIALIZED
                  20000000    00000004     rtsv7M4_T_le_v4SPD16_eabi.lib : boot_cortex_m.c.obj (.stack)
                  20000004    000001fc     --HOLE--

__llvm_prf_cnts 
*          0    20000000    00000000     UNINITIALIZED

MODULE SUMMARY

       Module                         code   ro data   rw data
       ------                         ----   -------   -------
    ./
       main.obj                       744    0         32     
       tm4c123gh6pm_startup_ccs.obj   12     620       0      
    +--+------------------------------+------+---------+---------+
       Total:                         756    620       32     
                                                              
    /Applications/ti/ccs1281/ccs/tools/compiler/ti-cgt-arm_20.2.7.LTS/lib/rtsv7M4_T_le_v4SPD16_eabi.lib
       fd_add_t2.asm.obj              438    0         0      
       fd_div_t2.asm.obj              310    0         0      
       memcpy_t2.asm.obj              156    0         0      
       fd_tos_t2.asm.obj              110    0         0      
       copy_decompress_lzss.c.obj     104    0         0      
       autoinit.c.obj                 68     0         0      
       fs_tod_t2.asm.obj              56     0         0      
       boot_cortex_m.c.obj            52     0         0      
       copy_zero_init.c.obj           28     0         0      
       copy_decompress_none.c.obj     14     0         0      
       exit.c.obj                     4      0         0      
       pre_init.c.obj                 4      0         0      
    +--+------------------------------+------+---------+---------+
       Total:                         1344   0         0      
                                                              
    /Users/jellyfish/Documents/CUHK/Year_3/Fall/CENG2400_Embedded_System_Design/lib/TivaWare_C_Series-2.1.4.178/driverlib/ccs/Debug/driverlib.lib
       sysctl.obj                     594    108       0      
       gpio.obj                       456    144       0      
       uart.obj                       146    0         0      
       pwm.obj                        128    0         0      
    +--+------------------------------+------+---------+---------+
       Total:                         1324   252       0      
                                                              
       Stack:                         0      0         512    
       Linker Generated:              0      47        0      
    +--+------------------------------+------+---------+---------+
       Grand Total:                   3424   919       544    


LINKER GENERATED COPY TABLES

__TI_cinit_table @ 000010f0 records: 2, size/record: 8, table size: 16
	.data: load addr=000010dc, load size=0000000b bytes, run addr=20000218, run size=00000008 bytes, compression=lzss
	.bss: load addr=000010e8, load size=00000008 bytes, run addr=20000200, run size=00000018 bytes, compression=zero_init


LINKER GENERATED HANDLER TABLE

__TI_handler_table @ 000010d0 records: 3, size/record: 4, table size: 12
	index: 0, handler: __TI_decompress_lzss
	index: 1, handler: __TI_decompress_none
	index: 2, handler: __TI_zero_init


GLOBAL SYMBOLS: SORTED ALPHABETICALLY BY Name 

address   name                          
-------   ----                          
00000fd1  C$$EXIT                       
00000e61  GPIODirModeSet                
00000841  GPIOPadConfigSet              
00000ced  GPIOPinConfigure              
00000f31  GPIOPinTypePWM                
00000f43  GPIOPinTypeUART               
00000e8b  PWMGenConfigure               
00000fa5  PWMGenEnable                  
00000f55  PWMGenPeriodGet               
00000f79  PWMGenPeriodSet               
00000f67  PWMOutputState                
00000ecd  PWMPulseWidthSet              
00000fb1  ResetISR                      
00000975  SysCtlClockGet                
00000a85  SysCtlClockSet                
00000fc7  SysCtlDelay                   
00000f09  SysCtlPWMClockSet             
00000df9  SysCtlPeripheralEnable        
00000fbd  UARTCharGet                   
00000f89  UARTCharsAvail                
00000d35  UARTConfigSetExpClk           
00000ead  UARTDisable                   
00000f1d  UARTEnable                    
20000200  __STACK_END                   
00000200  __STACK_SIZE                  
20000200  __STACK_TOP                   
000010f0  __TI_CINIT_Base               
00001100  __TI_CINIT_Limit              
000010d0  __TI_Handler_Table_Base       
000010dc  __TI_Handler_Table_Limit      
00000d7d  __TI_auto_init_nobinit_nopinit
00000c83  __TI_decompress_lzss          
00000f97  __TI_decompress_none          
ffffffff  __TI_pprof_out_hndl           
ffffffff  __TI_prof_data_size           
ffffffff  __TI_prof_data_start          
00000000  __TI_static_base__            
00000eeb  __TI_zero_init_nomemset       
00000c15  __aeabi_d2f                   
0000055f  __aeabi_dadd                  
0000070b  __aeabi_ddiv                  
00000555  __aeabi_dsub                  
00000dc1  __aeabi_f2d                   
00000b79  __aeabi_memcpy                
00000b79  __aeabi_memcpy4               
00000b79  __aeabi_memcpy8               
ffffffff  __binit__                     
ffffffff  __c_args__                    
UNDEFED   __mpu_init                    
20000000  __stack                       
20000000  __start___llvm_prf_cnts       
20000000  __stop___llvm_prf_cnts        
00000e2d  _c_int00_noargs               
UNDEFED   _system_post_cinit            
00000fcd  _system_pre_init              
00000fd1  abort                         
0000026d  angleToPWMDutyCycle           
ffffffff  binit                         
000002c3  clearArray                    
00000000  g_pfnVectors                  
000002ed  main                          
00000b79  memcpy                        
20000210  pitch_duty_cycle              
2000021c  processLock                   
20000200  receiveArr                    
20000218  servo_pwm_freq                
20000214  yaw_duty_cycle                


GLOBAL SYMBOLS: SORTED BY Symbol Address 

address   name                          
-------   ----                          
00000000  __TI_static_base__            
00000000  g_pfnVectors                  
00000200  __STACK_SIZE                  
0000026d  angleToPWMDutyCycle           
000002c3  clearArray                    
000002ed  main                          
00000555  __aeabi_dsub                  
0000055f  __aeabi_dadd                  
0000070b  __aeabi_ddiv                  
00000841  GPIOPadConfigSet              
00000975  SysCtlClockGet                
00000a85  SysCtlClockSet                
00000b79  __aeabi_memcpy                
00000b79  __aeabi_memcpy4               
00000b79  __aeabi_memcpy8               
00000b79  memcpy                        
00000c15  __aeabi_d2f                   
00000c83  __TI_decompress_lzss          
00000ced  GPIOPinConfigure              
00000d35  UARTConfigSetExpClk           
00000d7d  __TI_auto_init_nobinit_nopinit
00000dc1  __aeabi_f2d                   
00000df9  SysCtlPeripheralEnable        
00000e2d  _c_int00_noargs               
00000e61  GPIODirModeSet                
00000e8b  PWMGenConfigure               
00000ead  UARTDisable                   
00000ecd  PWMPulseWidthSet              
00000eeb  __TI_zero_init_nomemset       
00000f09  SysCtlPWMClockSet             
00000f1d  UARTEnable                    
00000f31  GPIOPinTypePWM                
00000f43  GPIOPinTypeUART               
00000f55  PWMGenPeriodGet               
00000f67  PWMOutputState                
00000f79  PWMGenPeriodSet               
00000f89  UARTCharsAvail                
00000f97  __TI_decompress_none          
00000fa5  PWMGenEnable                  
00000fb1  ResetISR                      
00000fbd  UARTCharGet                   
00000fc7  SysCtlDelay                   
00000fcd  _system_pre_init              
00000fd1  C$$EXIT                       
00000fd1  abort                         
000010d0  __TI_Handler_Table_Base       
000010dc  __TI_Handler_Table_Limit      
000010f0  __TI_CINIT_Base               
00001100  __TI_CINIT_Limit              
20000000  __stack                       
20000000  __start___llvm_prf_cnts       
20000000  __stop___llvm_prf_cnts        
20000200  __STACK_END                   
20000200  __STACK_TOP                   
20000200  receiveArr                    
20000210  pitch_duty_cycle              
20000214  yaw_duty_cycle                
20000218  servo_pwm_freq                
2000021c  processLock                   
ffffffff  __TI_pprof_out_hndl           
ffffffff  __TI_prof_data_size           
ffffffff  __TI_prof_data_start          
ffffffff  __binit__                     
ffffffff  __c_args__                    
ffffffff  binit                         
UNDEFED   __mpu_init                    
UNDEFED   _system_post_cinit            

[67 symbols]
