******************************************************************************
                  TI ARM Linker Unix v20.2.7                   
******************************************************************************
>> Linked Thu Dec 12 20:21:11 2024

OUTPUT FILE NAME:   <Project_MPU.out>
ENTRY POINT SYMBOL: "_c_int00_noargs"  address: 00001d0d


MEMORY CONFIGURATION

         name            origin    length      used     unused   attr    fill
----------------------  --------  ---------  --------  --------  ----  --------
  FLASH                 00000000   00040000  0000219e  0003de62  R  X
  SRAM                  20000000   00008000  000005dd  00007a23  RW X


SEGMENT ALLOCATION MAP

run origin  load origin   length   init length attrs members
----------  ----------- ---------- ----------- ----- -------
00000000    00000000    000021a0   000021a0    r-x
  00000000    00000000    0000026c   0000026c    r-- .intvecs
  0000026c    0000026c    00001caa   00001caa    r-x .text
  00001f18    00001f18    00000240   00000240    r-- .const
  00002158    00002158    00000048   00000048    r-- .cinit
20000000    20000000    000005e4   00000000    rw-
  20000000    20000000    0000026c   00000000    rw- .vtable
  20000270    20000270    00000200   00000000    rw- .stack
  20000470    20000470    0000015d   00000000    rw- .bss
  200005d0    200005d0    00000014   00000000    rw- .data


SECTION ALLOCATION MAP

 output                                  attributes/
section   page    origin      length       input sections
--------  ----  ----------  ----------   ----------------
.intvecs   0    00000000    0000026c     
                  00000000    0000026c     tm4c123gh6pm_startup_ccs.obj (.intvecs)

.text      0    0000026c    00001caa     
                  0000026c    000003e8     main.obj (.text)
                  00000654    000001b6     rtsv7M4_T_le_v4SPD16_eabi.lib : fd_add_t2.asm.obj (.text)
                  0000080a    00000002     --HOLE-- [fill = 0]
                  0000080c    00000158                                   : e_atan2f.c.obj (.text:atan2f)
                  00000964    00000150                                   : s_atanf.c.obj (.text:atanf)
                  00000ab4    00000136                                   : fd_div_t2.asm.obj (.text)
                  00000bea    00000132     driverlib.lib : gpio.obj (.text:GPIOPadConfigSet)
                  00000d1c    00000110                   : sysctl.obj (.text:SysCtlClockGet)
                  00000e2c    000000fc     rtsv7M4_T_le_v4SPD16_eabi.lib : fd_mul_t2.asm.obj (.text)
                  00000f28    000000f4     driverlib.lib : sysctl.obj (.text:SysCtlClockSet)
                  0000101c    000000f2     sensorlib.lib : i2cm_drv.obj (.text:I2CMIntHandler)
                  0000110e    00000002     --HOLE-- [fill = 0]
                  00001110    000000f0                   : mpu6050.obj (.text:MPU6050Callback)
                  00001200    0000009c     rtsv7M4_T_le_v4SPD16_eabi.lib : memcpy_t2.asm.obj (.text)
                  0000129c    00000098     sensorlib.lib : i2cm_drv.obj (.text:I2CMStateIdle)
                  00001334    00000088                   : i2cm_drv.obj (.text:I2CMCommand)
                  000013bc    00000078                   : i2cm_drv.obj (.text:I2CMReadModifyWrite8)
                  00001434    00000070                   : mpu6050.obj (.text:MPU6050DataAccelGetFloat)
                  000014a4    00000070                   : mpu6050.obj (.text:MPU6050DataGyroGetFloat)
                  00001514    0000006e     rtsv7M4_T_le_v4SPD16_eabi.lib : fd_tos_t2.asm.obj (.text)
                  00001582    00000002     --HOLE-- [fill = 0]
                  00001584    00000068     driverlib.lib : interrupt.obj (.text:IntDisable)
                  000015ec    00000068                   : interrupt.obj (.text:IntEnable)
                  00001654    00000068     rtsv7M4_T_le_v4SPD16_eabi.lib : copy_decompress_lzss.c.obj (.text:decompress:lzss:__TI_decompress_lzss)
                  000016bc    00000064     driverlib.lib : interrupt.obj (.text:IntIsEnabled)
                  00001720    00000060     sensorlib.lib : i2cm_drv.obj (.text:I2CMReadModifyWrite8Callback)
                  00001780    0000005e                   : i2cm_drv.obj (.text:I2CMStateWritePause)
                  000017de    00000002     --HOLE-- [fill = 0]
                  000017e0    0000005c                   : mpu6050.obj (.text:MPU6050Init)
                  0000183c    00000054                   : mpu6050.obj (.text:MPU6050DataRead)
                  00001890    00000050                   : i2cm_drv.obj (.text:I2CMStateWriteFinal)
                  000018e0    00000050     driverlib.lib : sysctl.obj (.text:SysCtlPeripheralReset)
                  00001930    0000004c                   : i2c.obj (.text:I2CMasterInitExpClk)
                  0000197c    0000004c     sensorlib.lib : mpu6050.obj (.text:MPU6050ReadModifyWrite)
                  000019c8    0000004a                   : i2cm_drv.obj (.text:I2CMStateReadNext)
                  00001a12    00000002     --HOLE-- [fill = 0]
                  00001a14    00000048     driverlib.lib : gpio.obj (.text:GPIOPinConfigure)
                  00001a5c    00000048     sensorlib.lib : i2cm_drv.obj (.text:I2CMStateWriteNext)
                  00001aa4    00000046     driverlib.lib : uart.obj (.text:UARTConfigSetExpClk)
                  00001aea    00000044     sensorlib.lib : i2cm_drv.obj (.text:I2CMStateCallback)
                  00001b2e    00000002     --HOLE-- [fill = 0]
                  00001b30    00000044     rtsv7M4_T_le_v4SPD16_eabi.lib : autoinit.c.obj (.text:__TI_auto_init_nobinit_nopinit:__TI_auto_init_nobinit_nopinit)
                  00001b74    00000042     sensorlib.lib : i2cm_drv.obj (.text:I2CMStateReadFinal)
                  00001bb6    00000002     --HOLE-- [fill = 0]
                  00001bb8    00000040     driverlib.lib : i2c.obj (.text:_I2CIntNumberGet)
                  00001bf8    0000003e     sensorlib.lib : i2cm_drv.obj (.text:I2CMStateReadPause)
                  00001c36    00000038     rtsv7M4_T_le_v4SPD16_eabi.lib : fs_tod_t2.asm.obj (.text)
                  00001c6e    00000034     sensorlib.lib : i2cm_drv.obj (.text:I2CMInit)
                  00001ca2    00000002     --HOLE-- [fill = 0]
                  00001ca4    00000034     driverlib.lib : interrupt.obj (.text:IntRegister)
                  00001cd8    00000034                   : sysctl.obj (.text:SysCtlPeripheralEnable)
                  00001d0c    00000034     rtsv7M4_T_le_v4SPD16_eabi.lib : boot_cortex_m.c.obj (.text:_c_int00_noargs:_c_int00_noargs)
                  00001d40    0000002a     driverlib.lib : gpio.obj (.text:GPIODirModeSet)
                  00001d6a    0000002a     sensorlib.lib : i2cm_drv.obj (.text:I2CMStateReadFirst)
                  00001d94    00000028     rtsv7M4_T_le_v4SPD16_eabi.lib : e_sqrtf.c.obj (.text:sqrtf)
                  00001dbc    00000020     sensorlib.lib : i2cm_drv.obj (.text:I2CMStateReadOne)
                  00001ddc    00000020     driverlib.lib : uart.obj (.text:UARTDisable)
                  00001dfc    0000001c     rtsv7M4_T_le_v4SPD16_eabi.lib : copy_zero_init.c.obj (.text:decompress:ZI:__TI_zero_init_nomemset:__TI_zero_init_nomemset)
                  00001e18    0000001a     sensorlib.lib : i2cm_drv.obj (.text:I2CMStateReadWait)
                  00001e32    00000018     driverlib.lib : i2c.obj (.text:I2CIntRegister)
                  00001e4a    00000014                   : uart.obj (.text:UARTEnable)
                  00001e5e    00000012                   : gpio.obj (.text:GPIOPinTypeI2C)
                  00001e70    00000012                   : gpio.obj (.text:GPIOPinTypeI2CSCL)
                  00001e82    00000012                   : gpio.obj (.text:GPIOPinTypeUART)
                  00001e94    0000000e                   : uart.obj (.text:UARTSpaceAvail)
                  00001ea2    0000000e     rtsv7M4_T_le_v4SPD16_eabi.lib : copy_decompress_none.c.obj (.text:decompress:none:__TI_decompress_none)
                  00001eb0    0000000c     driverlib.lib : interrupt.obj (.text:IntTrigger)
                  00001ebc    0000000c     tm4c123gh6pm_startup_ccs.obj (.text)
                  00001ec8    0000000a     driverlib.lib : i2c.obj (.text:I2CMasterEnable)
                  00001ed2    0000000a                   : uart.obj (.text:UARTCharPut)
                  00001edc    00000008                   : i2c.obj (.text:I2CMasterIntClear)
                  00001ee4    00000008                   : i2c.obj (.text:I2CMasterIntEnableEx)
                  00001eec    00000008                   : i2c.obj (.text:I2CMasterSlaveAddrSet)
                  00001ef4    00000008     rtsv7M4_T_le_v4SPD16_eabi.lib : errno.c.obj (.text:__aeabi_errno_addr)
                  00001efc    00000006     driverlib.lib : sysctl.obj (.text:SysCtlDelay)
                  00001f02    00000004                   : i2c.obj (.text:I2CMasterControl)
                  00001f06    00000004                   : i2c.obj (.text:I2CMasterDataGet)
                  00001f0a    00000004                   : i2c.obj (.text:I2CMasterDataPut)
                  00001f0e    00000004     rtsv7M4_T_le_v4SPD16_eabi.lib : pre_init.c.obj (.text:_system_pre_init)
                  00001f12    00000004                                   : exit.c.obj (.text:abort:abort)

.const     0    00001f18    00000240     
                  00001f18    00000090     driverlib.lib : gpio.obj (.const:g_pui32GPIOBaseAddrs)
                  00001fa8    00000070                   : interrupt.obj (.const)
                  00002018    0000006c                   : sysctl.obj (.const:g_pui32Xtals)
                  00002084    00000050                   : i2c.obj (.const:g_ppui32I2CIntMapSnowflake)
                  000020d4    00000034     rtsv7M4_T_le_v4SPD16_eabi.lib : s_atanf.c.obj (.const:$O1$$)
                  00002108    00000030     driverlib.lib : i2c.obj (.const:g_ppui32I2CIntMap)
                  00002138    00000020     sensorlib.lib : mpu6050.obj (.const)

.cinit     0    00002158    00000048     
                  00002158    00000011     (.cinit..data.load) [load image, compression = lzss]
                  00002169    00000003     --HOLE-- [fill = 0]
                  0000216c    0000000c     (__TI_handler_table)
                  00002178    00000008     (.cinit..bss.load) [load image, compression = zero_init]
                  00002180    00000008     (.cinit..vtable.load) [load image, compression = zero_init]
                  00002188    00000018     (__TI_cinit_table)

.init_array 
*          0    00000000    00000000     UNINITIALIZED

.vtable    0    20000000    0000026c     UNINITIALIZED
                  20000000    0000026c     driverlib.lib : interrupt.obj (.vtable)

.bss       0    20000470    0000015d     UNINITIALIZED
                  20000470    00000124     (.common:g_sI2CMSimpleInst)
                  20000594    00000038     (.common:sMPU6050)
                  200005cc    00000001     (.common:g_bMPU6050Done)

.data      0    200005d0    00000014     UNINITIALIZED
                  200005d0    00000010     main.obj (.data)
                  200005e0    00000004     rtsv7M4_T_le_v4SPD16_eabi.lib : errno.c.obj (.data)

.stack     0    20000270    00000200     UNINITIALIZED
                  20000270    00000004     rtsv7M4_T_le_v4SPD16_eabi.lib : boot_cortex_m.c.obj (.stack)
                  20000274    000001fc     --HOLE--

__llvm_prf_cnts 
*          0    20000000    00000000     UNINITIALIZED

MODULE SUMMARY

       Module                         code   ro data   rw data
       ------                         ----   -------   -------
    ./
       main.obj                       1000   0         365    
       tm4c123gh6pm_startup_ccs.obj   12     620       0      
    +--+------------------------------+------+---------+---------+
       Total:                         1012   620       365    
                                                              
    /Applications/ti/ccs1281/ccs/tools/compiler/ti-cgt-arm_20.2.7.LTS/lib/rtsv7M4_T_le_v4SPD16_eabi.lib
       fd_add_t2.asm.obj              438    0         0      
       s_atanf.c.obj                  336    52        0      
       e_atan2f.c.obj                 344    0         0      
       fd_div_t2.asm.obj              310    0         0      
       fd_mul_t2.asm.obj              252    0         0      
       memcpy_t2.asm.obj              156    0         0      
       fd_tos_t2.asm.obj              110    0         0      
       copy_decompress_lzss.c.obj     104    0         0      
       autoinit.c.obj                 68     0         0      
       fs_tod_t2.asm.obj              56     0         0      
       boot_cortex_m.c.obj            52     0         0      
       e_sqrtf.c.obj                  40     0         0      
       copy_zero_init.c.obj           28     0         0      
       copy_decompress_none.c.obj     14     0         0      
       errno.c.obj                    8      0         4      
       exit.c.obj                     4      0         0      
       pre_init.c.obj                 4      0         0      
    +--+------------------------------+------+---------+---------+
       Total:                         2324   52        4      
                                                              
    /Users/jellyfish/Documents/CUHK/Year_3/Fall/CENG2400_Embedded_System_Design/lib/TivaWare_C_Series-2.1.4.178/driverlib/ccs/Debug/driverlib.lib
       interrupt.obj                  372    112       620    
       sysctl.obj                     654    108       0      
       gpio.obj                       474    144       0      
       i2c.obj                        210    128       0      
       uart.obj                       146    0         0      
    +--+------------------------------+------+---------+---------+
       Total:                         1856   492       620    
                                                              
    /Users/jellyfish/Documents/CUHK/Year_3/Fall/CENG2400_Embedded_System_Design/lib/TivaWare_C_Series-2.1.4.178/sensorlib/ccs/Debug/sensorlib.lib
       i2cm_drv.obj                   1414   0         0      
       mpu6050.obj                    716    32        0      
    +--+------------------------------+------+---------+---------+
       Total:                         2130   32        0      
                                                              
       Stack:                         0      0         512    
       Linker Generated:              0      69        0      
    +--+------------------------------+------+---------+---------+
       Grand Total:                   7322   1265      1501   


LINKER GENERATED COPY TABLES

__TI_cinit_table @ 00002188 records: 3, size/record: 8, table size: 24
	.data: load addr=00002158, load size=00000011 bytes, run addr=200005d0, run size=00000014 bytes, compression=lzss
	.bss: load addr=00002178, load size=00000008 bytes, run addr=20000470, run size=0000015d bytes, compression=zero_init
	.vtable: load addr=00002180, load size=00000008 bytes, run addr=20000000, run size=0000026c bytes, compression=zero_init


LINKER GENERATED HANDLER TABLE

__TI_handler_table @ 0000216c records: 3, size/record: 4, table size: 12
	index: 0, handler: __TI_zero_init
	index: 1, handler: __TI_decompress_lzss
	index: 2, handler: __TI_decompress_none


GLOBAL SYMBOLS: SORTED ALPHABETICALLY BY Name 

address   name                          
-------   ----                          
00001f13  C$$EXIT                       
00001d41  GPIODirModeSet                
00000beb  GPIOPadConfigSet              
00001a15  GPIOPinConfigure              
00001e5f  GPIOPinTypeI2C                
00001e71  GPIOPinTypeI2CSCL             
00001e83  GPIOPinTypeUART               
00001e33  I2CIntRegister                
00001335  I2CMCommand                   
00001c6f  I2CMInit                      
0000101d  I2CMIntHandler                
000013bd  I2CMReadModifyWrite8          
00000283  I2CMSimpleIntHandler          
00001f03  I2CMasterControl              
00001f07  I2CMasterDataGet              
00001f0b  I2CMasterDataPut              
00001ec9  I2CMasterEnable               
00001931  I2CMasterInitExpClk           
00001edd  I2CMasterIntClear             
00001ee5  I2CMasterIntEnableEx          
00001eed  I2CMasterSlaveAddrSet         
00000375  InitUART                      
000002f3  Initialization                
00001585  IntDisable                    
000015ed  IntEnable                     
000016bd  IntIsEnabled                  
00001ca5  IntRegister                   
00001eb1  IntTrigger                    
0000026d  MPU6050Callback               
00001435  MPU6050DataAccelGetFloat      
000014a5  MPU6050DataGyroGetFloat       
0000183d  MPU6050DataRead               
000017e1  MPU6050Init                   
0000197d  MPU6050ReadModifyWrite        
00001ebd  ResetISR                      
00000d1d  SysCtlClockGet                
00000f29  SysCtlClockSet                
00001efd  SysCtlDelay                   
00001cd9  SysCtlPeripheralEnable        
000018e1  SysCtlPeripheralReset         
00001ed3  UARTCharPut                   
00001aa5  UARTConfigSetExpClk           
00001ddd  UARTDisable                   
00001e4b  UARTEnable                    
00001e95  UARTSpaceAvail                
20000470  __STACK_END                   
00000200  __STACK_SIZE                  
20000470  __STACK_TOP                   
00002188  __TI_CINIT_Base               
000021a0  __TI_CINIT_Limit              
0000216c  __TI_Handler_Table_Base       
00002178  __TI_Handler_Table_Limit      
00001b31  __TI_auto_init_nobinit_nopinit
00001655  __TI_decompress_lzss          
00001ea3  __TI_decompress_none          
ffffffff  __TI_pprof_out_hndl           
ffffffff  __TI_prof_data_size           
ffffffff  __TI_prof_data_start          
00000000  __TI_static_base__            
00001dfd  __TI_zero_init_nomemset       
00001515  __aeabi_d2f                   
0000065f  __aeabi_dadd                  
00000ab5  __aeabi_ddiv                  
00000e2d  __aeabi_dmul                  
00000655  __aeabi_dsub                  
00001ef5  __aeabi_errno_addr            
00001c37  __aeabi_f2d                   
00001201  __aeabi_memcpy                
00001201  __aeabi_memcpy4               
00001201  __aeabi_memcpy8               
ffffffff  __binit__                     
ffffffff  __c_args__                    
UNDEFED   __mpu_init                    
20000270  __stack                       
20000000  __start___llvm_prf_cnts       
20000000  __stop___llvm_prf_cnts        
00001d0d  _c_int00_noargs               
UNDEFED   _system_post_cinit            
00001f0f  _system_pre_init              
00001f13  abort                         
0000080d  atan2f                        
00000965  atanf                         
ffffffff  binit                         
0000028d  computeAnglesFromAccel        
200005e0  errno                         
200005cc  g_bMPU6050Done                
200005dc  g_fComplementaryFilterCoeff   
200005d8  g_fDeltaTime                  
200005d4  g_fPitch                      
200005d0  g_fYaw                        
20000000  g_pfnRAMVectors               
00000000  g_pfnVectors                  
20000470  g_sI2CMSimpleInst             
00000415  main                          
00001201  memcpy                        
20000594  sMPU6050                      
000003ab  sendData                      
00001d95  sqrtf                         


GLOBAL SYMBOLS: SORTED BY Symbol Address 

address   name                          
-------   ----                          
00000000  __TI_static_base__            
00000000  g_pfnVectors                  
00000200  __STACK_SIZE                  
0000026d  MPU6050Callback               
00000283  I2CMSimpleIntHandler          
0000028d  computeAnglesFromAccel        
000002f3  Initialization                
00000375  InitUART                      
000003ab  sendData                      
00000415  main                          
00000655  __aeabi_dsub                  
0000065f  __aeabi_dadd                  
0000080d  atan2f                        
00000965  atanf                         
00000ab5  __aeabi_ddiv                  
00000beb  GPIOPadConfigSet              
00000d1d  SysCtlClockGet                
00000e2d  __aeabi_dmul                  
00000f29  SysCtlClockSet                
0000101d  I2CMIntHandler                
00001201  __aeabi_memcpy                
00001201  __aeabi_memcpy4               
00001201  __aeabi_memcpy8               
00001201  memcpy                        
00001335  I2CMCommand                   
000013bd  I2CMReadModifyWrite8          
00001435  MPU6050DataAccelGetFloat      
000014a5  MPU6050DataGyroGetFloat       
00001515  __aeabi_d2f                   
00001585  IntDisable                    
000015ed  IntEnable                     
00001655  __TI_decompress_lzss          
000016bd  IntIsEnabled                  
000017e1  MPU6050Init                   
0000183d  MPU6050DataRead               
000018e1  SysCtlPeripheralReset         
00001931  I2CMasterInitExpClk           
0000197d  MPU6050ReadModifyWrite        
00001a15  GPIOPinConfigure              
00001aa5  UARTConfigSetExpClk           
00001b31  __TI_auto_init_nobinit_nopinit
00001c37  __aeabi_f2d                   
00001c6f  I2CMInit                      
00001ca5  IntRegister                   
00001cd9  SysCtlPeripheralEnable        
00001d0d  _c_int00_noargs               
00001d41  GPIODirModeSet                
00001d95  sqrtf                         
00001ddd  UARTDisable                   
00001dfd  __TI_zero_init_nomemset       
00001e33  I2CIntRegister                
00001e4b  UARTEnable                    
00001e5f  GPIOPinTypeI2C                
00001e71  GPIOPinTypeI2CSCL             
00001e83  GPIOPinTypeUART               
00001e95  UARTSpaceAvail                
00001ea3  __TI_decompress_none          
00001eb1  IntTrigger                    
00001ebd  ResetISR                      
00001ec9  I2CMasterEnable               
00001ed3  UARTCharPut                   
00001edd  I2CMasterIntClear             
00001ee5  I2CMasterIntEnableEx          
00001eed  I2CMasterSlaveAddrSet         
00001ef5  __aeabi_errno_addr            
00001efd  SysCtlDelay                   
00001f03  I2CMasterControl              
00001f07  I2CMasterDataGet              
00001f0b  I2CMasterDataPut              
00001f0f  _system_pre_init              
00001f13  C$$EXIT                       
00001f13  abort                         
0000216c  __TI_Handler_Table_Base       
00002178  __TI_Handler_Table_Limit      
00002188  __TI_CINIT_Base               
000021a0  __TI_CINIT_Limit              
20000000  __start___llvm_prf_cnts       
20000000  __stop___llvm_prf_cnts        
20000000  g_pfnRAMVectors               
20000270  __stack                       
20000470  __STACK_END                   
20000470  __STACK_TOP                   
20000470  g_sI2CMSimpleInst             
20000594  sMPU6050                      
200005cc  g_bMPU6050Done                
200005d0  g_fYaw                        
200005d4  g_fPitch                      
200005d8  g_fDeltaTime                  
200005dc  g_fComplementaryFilterCoeff   
200005e0  errno                         
ffffffff  __TI_pprof_out_hndl           
ffffffff  __TI_prof_data_size           
ffffffff  __TI_prof_data_start          
ffffffff  __binit__                     
ffffffff  __c_args__                    
ffffffff  binit                         
UNDEFED   __mpu_init                    
UNDEFED   _system_post_cinit            

[98 symbols]
