<?xml version="1.0" encoding="ISO-8859-1" ?>
<link_info>
   <banner>TI ARM Linker Unix v20.2.7.LTS</banner>
   <copyright>Copyright (c) 1996-2018 Texas Instruments Incorporated</copyright>
   <link_time>0x675ad537</link_time>
   <link_errors>0x0</link_errors>
   <output_file>Project_MPU.out</output_file>
   <entry_point>
      <name>_c_int00_noargs</name>
      <address>0x1d0d</address>
   </entry_point>
   <input_file_list>
      <input_file id="fl-1">
         <path>./</path>
         <kind>object</kind>
         <file>main.obj</file>
         <name>main.obj</name>
      </input_file>
      <input_file id="fl-2">
         <path>./</path>
         <kind>object</kind>
         <file>tm4c123gh6pm_startup_ccs.obj</file>
         <name>tm4c123gh6pm_startup_ccs.obj</name>
      </input_file>
      <input_file id="fl-8">
         <kind>object</kind>
         <file>&lt;internal&gt;</file>
         <name>&lt;internal&gt;</name>
      </input_file>
      <input_file id="fl-be">
         <path>/Applications/ti/ccs1281/ccs/tools/compiler/ti-cgt-arm_20.2.7.LTS/lib/</path>
         <kind>archive</kind>
         <file>rtsv7M4_T_le_v4SPD16_eabi.lib</file>
         <name>e_atan2f.c.obj</name>
      </input_file>
      <input_file id="fl-bf">
         <path>/Applications/ti/ccs1281/ccs/tools/compiler/ti-cgt-arm_20.2.7.LTS/lib/</path>
         <kind>archive</kind>
         <file>rtsv7M4_T_le_v4SPD16_eabi.lib</file>
         <name>e_sqrtf.c.obj</name>
      </input_file>
      <input_file id="fl-c0">
         <path>/Applications/ti/ccs1281/ccs/tools/compiler/ti-cgt-arm_20.2.7.LTS/lib/</path>
         <kind>archive</kind>
         <file>rtsv7M4_T_le_v4SPD16_eabi.lib</file>
         <name>s_atanf.c.obj</name>
      </input_file>
      <input_file id="fl-c1">
         <path>/Applications/ti/ccs1281/ccs/tools/compiler/ti-cgt-arm_20.2.7.LTS/lib/</path>
         <kind>archive</kind>
         <file>rtsv7M4_T_le_v4SPD16_eabi.lib</file>
         <name>fd_add_t2.asm.obj</name>
      </input_file>
      <input_file id="fl-c2">
         <path>/Applications/ti/ccs1281/ccs/tools/compiler/ti-cgt-arm_20.2.7.LTS/lib/</path>
         <kind>archive</kind>
         <file>rtsv7M4_T_le_v4SPD16_eabi.lib</file>
         <name>fd_div_t2.asm.obj</name>
      </input_file>
      <input_file id="fl-c3">
         <path>/Applications/ti/ccs1281/ccs/tools/compiler/ti-cgt-arm_20.2.7.LTS/lib/</path>
         <kind>archive</kind>
         <file>rtsv7M4_T_le_v4SPD16_eabi.lib</file>
         <name>fd_mul_t2.asm.obj</name>
      </input_file>
      <input_file id="fl-c4">
         <path>/Applications/ti/ccs1281/ccs/tools/compiler/ti-cgt-arm_20.2.7.LTS/lib/</path>
         <kind>archive</kind>
         <file>rtsv7M4_T_le_v4SPD16_eabi.lib</file>
         <name>fd_tos_t2.asm.obj</name>
      </input_file>
      <input_file id="fl-c5">
         <path>/Applications/ti/ccs1281/ccs/tools/compiler/ti-cgt-arm_20.2.7.LTS/lib/</path>
         <kind>archive</kind>
         <file>rtsv7M4_T_le_v4SPD16_eabi.lib</file>
         <name>fs_tod_t2.asm.obj</name>
      </input_file>
      <input_file id="fl-c6">
         <path>/Applications/ti/ccs1281/ccs/tools/compiler/ti-cgt-arm_20.2.7.LTS/lib/</path>
         <kind>archive</kind>
         <file>rtsv7M4_T_le_v4SPD16_eabi.lib</file>
         <name>copy_zero_init.c.obj</name>
      </input_file>
      <input_file id="fl-c7">
         <path>/Applications/ti/ccs1281/ccs/tools/compiler/ti-cgt-arm_20.2.7.LTS/lib/</path>
         <kind>archive</kind>
         <file>rtsv7M4_T_le_v4SPD16_eabi.lib</file>
         <name>copy_decompress_none.c.obj</name>
      </input_file>
      <input_file id="fl-c8">
         <path>/Applications/ti/ccs1281/ccs/tools/compiler/ti-cgt-arm_20.2.7.LTS/lib/</path>
         <kind>archive</kind>
         <file>rtsv7M4_T_le_v4SPD16_eabi.lib</file>
         <name>copy_decompress_lzss.c.obj</name>
      </input_file>
      <input_file id="fl-c9">
         <path>/Applications/ti/ccs1281/ccs/tools/compiler/ti-cgt-arm_20.2.7.LTS/lib/</path>
         <kind>archive</kind>
         <file>rtsv7M4_T_le_v4SPD16_eabi.lib</file>
         <name>boot_cortex_m.c.obj</name>
      </input_file>
      <input_file id="fl-ca">
         <path>/Applications/ti/ccs1281/ccs/tools/compiler/ti-cgt-arm_20.2.7.LTS/lib/</path>
         <kind>archive</kind>
         <file>rtsv7M4_T_le_v4SPD16_eabi.lib</file>
         <name>errno.c.obj</name>
      </input_file>
      <input_file id="fl-cb">
         <path>/Applications/ti/ccs1281/ccs/tools/compiler/ti-cgt-arm_20.2.7.LTS/lib/</path>
         <kind>archive</kind>
         <file>rtsv7M4_T_le_v4SPD16_eabi.lib</file>
         <name>memcpy_t2.asm.obj</name>
      </input_file>
      <input_file id="fl-cc">
         <path>/Applications/ti/ccs1281/ccs/tools/compiler/ti-cgt-arm_20.2.7.LTS/lib/</path>
         <kind>archive</kind>
         <file>rtsv7M4_T_le_v4SPD16_eabi.lib</file>
         <name>memset_t2.asm.obj</name>
      </input_file>
      <input_file id="fl-cd">
         <path>/Applications/ti/ccs1281/ccs/tools/compiler/ti-cgt-arm_20.2.7.LTS/lib/</path>
         <kind>archive</kind>
         <file>rtsv7M4_T_le_v4SPD16_eabi.lib</file>
         <name>autoinit.c.obj</name>
      </input_file>
      <input_file id="fl-ce">
         <path>/Applications/ti/ccs1281/ccs/tools/compiler/ti-cgt-arm_20.2.7.LTS/lib/</path>
         <kind>archive</kind>
         <file>rtsv7M4_T_le_v4SPD16_eabi.lib</file>
         <name>pre_init.c.obj</name>
      </input_file>
      <input_file id="fl-cf">
         <path>/Applications/ti/ccs1281/ccs/tools/compiler/ti-cgt-arm_20.2.7.LTS/lib/</path>
         <kind>archive</kind>
         <file>rtsv7M4_T_le_v4SPD16_eabi.lib</file>
         <name>cpy_tbl.c.obj</name>
      </input_file>
      <input_file id="fl-d0">
         <path>/Applications/ti/ccs1281/ccs/tools/compiler/ti-cgt-arm_20.2.7.LTS/lib/</path>
         <kind>archive</kind>
         <file>rtsv7M4_T_le_v4SPD16_eabi.lib</file>
         <name>exit.c.obj</name>
      </input_file>
      <input_file id="fl-d1">
         <path>/Applications/ti/ccs1281/ccs/tools/compiler/ti-cgt-arm_20.2.7.LTS/lib/</path>
         <kind>archive</kind>
         <file>rtsv7M4_T_le_v4SPD16_eabi.lib</file>
         <name>_lock.c.obj</name>
      </input_file>
      <input_file id="fl-d2">
         <path>/Applications/ti/ccs1281/ccs/tools/compiler/ti-cgt-arm_20.2.7.LTS/lib/</path>
         <kind>archive</kind>
         <file>rtsv7M4_T_le_v4SPD16_eabi.lib</file>
         <name>args_main.c.obj</name>
      </input_file>
      <input_file id="fl-d3">
         <path>/Users/jellyfish/Documents/CUHK/Year_3/Fall/CENG2400_Embedded_System_Design/lib/TivaWare_C_Series-2.1.4.178/driverlib/ccs/Debug/</path>
         <kind>archive</kind>
         <file>driverlib.lib</file>
         <name>gpio.obj</name>
      </input_file>
      <input_file id="fl-d4">
         <path>/Users/jellyfish/Documents/CUHK/Year_3/Fall/CENG2400_Embedded_System_Design/lib/TivaWare_C_Series-2.1.4.178/driverlib/ccs/Debug/</path>
         <kind>archive</kind>
         <file>driverlib.lib</file>
         <name>i2c.obj</name>
      </input_file>
      <input_file id="fl-d5">
         <path>/Users/jellyfish/Documents/CUHK/Year_3/Fall/CENG2400_Embedded_System_Design/lib/TivaWare_C_Series-2.1.4.178/driverlib/ccs/Debug/</path>
         <kind>archive</kind>
         <file>driverlib.lib</file>
         <name>interrupt.obj</name>
      </input_file>
      <input_file id="fl-d6">
         <path>/Users/jellyfish/Documents/CUHK/Year_3/Fall/CENG2400_Embedded_System_Design/lib/TivaWare_C_Series-2.1.4.178/driverlib/ccs/Debug/</path>
         <kind>archive</kind>
         <file>driverlib.lib</file>
         <name>sysctl.obj</name>
      </input_file>
      <input_file id="fl-d7">
         <path>/Users/jellyfish/Documents/CUHK/Year_3/Fall/CENG2400_Embedded_System_Design/lib/TivaWare_C_Series-2.1.4.178/driverlib/ccs/Debug/</path>
         <kind>archive</kind>
         <file>driverlib.lib</file>
         <name>uart.obj</name>
      </input_file>
      <input_file id="fl-d8">
         <path>/Users/jellyfish/Documents/CUHK/Year_3/Fall/CENG2400_Embedded_System_Design/lib/TivaWare_C_Series-2.1.4.178/driverlib/ccs/Debug/</path>
         <kind>archive</kind>
         <file>driverlib.lib</file>
         <name>cpu.obj</name>
      </input_file>
      <input_file id="fl-d9">
         <path>/Users/jellyfish/Documents/CUHK/Year_3/Fall/CENG2400_Embedded_System_Design/lib/TivaWare_C_Series-2.1.4.178/sensorlib/ccs/Debug/</path>
         <kind>archive</kind>
         <file>sensorlib.lib</file>
         <name>i2cm_drv.obj</name>
      </input_file>
      <input_file id="fl-da">
         <path>/Users/jellyfish/Documents/CUHK/Year_3/Fall/CENG2400_Embedded_System_Design/lib/TivaWare_C_Series-2.1.4.178/sensorlib/ccs/Debug/</path>
         <kind>archive</kind>
         <file>sensorlib.lib</file>
         <name>mpu6050.obj</name>
      </input_file>
   </input_file_list>
   <object_component_list>
      <object_component id="oc-12">
         <name>.intvecs</name>
         <load_address>0x0</load_address>
         <run_address>0x0</run_address>
         <size>0x26c</size>
         <input_file_ref idref="fl-2"/>
      </object_component>
      <object_component id="oc-9b">
         <name>.text</name>
         <load_address>0x26c</load_address>
         <run_address>0x26c</run_address>
         <size>0x3e8</size>
         <input_file_ref idref="fl-1"/>
      </object_component>
      <object_component id="oc-162">
         <name>.text</name>
         <load_address>0x654</load_address>
         <run_address>0x654</run_address>
         <size>0x1b6</size>
         <input_file_ref idref="fl-c1"/>
      </object_component>
      <object_component id="oc-d5">
         <name>.text:atan2f</name>
         <load_address>0x80c</load_address>
         <run_address>0x80c</run_address>
         <size>0x158</size>
         <input_file_ref idref="fl-be"/>
      </object_component>
      <object_component id="oc-21a">
         <name>.text:atanf</name>
         <load_address>0x964</load_address>
         <run_address>0x964</run_address>
         <size>0x150</size>
         <input_file_ref idref="fl-c0"/>
      </object_component>
      <object_component id="oc-e0">
         <name>.text</name>
         <load_address>0xab4</load_address>
         <run_address>0xab4</run_address>
         <size>0x136</size>
         <input_file_ref idref="fl-c2"/>
      </object_component>
      <object_component id="oc-238">
         <name>.text:GPIOPadConfigSet</name>
         <load_address>0xbea</load_address>
         <run_address>0xbea</run_address>
         <size>0x132</size>
         <input_file_ref idref="fl-d3"/>
      </object_component>
      <object_component id="oc-108">
         <name>.text:SysCtlClockGet</name>
         <load_address>0xd1c</load_address>
         <run_address>0xd1c</run_address>
         <size>0x110</size>
         <input_file_ref idref="fl-d6"/>
      </object_component>
      <object_component id="oc-15d">
         <name>.text</name>
         <load_address>0xe2c</load_address>
         <run_address>0xe2c</run_address>
         <size>0xfc</size>
         <input_file_ref idref="fl-c3"/>
      </object_component>
      <object_component id="oc-13f">
         <name>.text:SysCtlClockSet</name>
         <load_address>0xf28</load_address>
         <run_address>0xf28</run_address>
         <size>0xf4</size>
         <input_file_ref idref="fl-d6"/>
      </object_component>
      <object_component id="oc-c9">
         <name>.text:I2CMIntHandler</name>
         <load_address>0x101c</load_address>
         <run_address>0x101c</run_address>
         <size>0xf2</size>
         <input_file_ref idref="fl-d9"/>
      </object_component>
      <object_component id="oc-26c">
         <name>.text:MPU6050Callback</name>
         <load_address>0x1110</load_address>
         <run_address>0x1110</run_address>
         <size>0xf0</size>
         <input_file_ref idref="fl-da"/>
      </object_component>
      <object_component id="oc-3b">
         <name>.text</name>
         <load_address>0x1200</load_address>
         <run_address>0x1200</run_address>
         <size>0x9c</size>
         <input_file_ref idref="fl-cb"/>
      </object_component>
      <object_component id="oc-205">
         <name>.text:I2CMStateIdle</name>
         <load_address>0x129c</load_address>
         <run_address>0x129c</run_address>
         <size>0x98</size>
         <input_file_ref idref="fl-d9"/>
      </object_component>
      <object_component id="oc-266">
         <name>.text:I2CMCommand</name>
         <load_address>0x1334</load_address>
         <run_address>0x1334</run_address>
         <size>0x88</size>
         <input_file_ref idref="fl-d9"/>
      </object_component>
      <object_component id="oc-286">
         <name>.text:I2CMReadModifyWrite8</name>
         <load_address>0x13bc</load_address>
         <run_address>0x13bc</run_address>
         <size>0x78</size>
         <input_file_ref idref="fl-d9"/>
      </object_component>
      <object_component id="oc-151">
         <name>.text:MPU6050DataAccelGetFloat</name>
         <load_address>0x1434</load_address>
         <run_address>0x1434</run_address>
         <size>0x70</size>
         <input_file_ref idref="fl-da"/>
      </object_component>
      <object_component id="oc-157">
         <name>.text:MPU6050DataGyroGetFloat</name>
         <load_address>0x14a4</load_address>
         <run_address>0x14a4</run_address>
         <size>0x70</size>
         <input_file_ref idref="fl-da"/>
      </object_component>
      <object_component id="oc-e5">
         <name>.text</name>
         <load_address>0x1514</load_address>
         <run_address>0x1514</run_address>
         <size>0x6e</size>
         <input_file_ref idref="fl-c4"/>
      </object_component>
      <object_component id="oc-318">
         <name>.text:IntDisable</name>
         <load_address>0x1584</load_address>
         <run_address>0x1584</run_address>
         <size>0x68</size>
         <input_file_ref idref="fl-d5"/>
      </object_component>
      <object_component id="oc-24c">
         <name>.text:IntEnable</name>
         <load_address>0x15ec</load_address>
         <run_address>0x15ec</run_address>
         <size>0x68</size>
         <input_file_ref idref="fl-d5"/>
      </object_component>
      <object_component id="oc-15">
         <name>.text:decompress:lzss:__TI_decompress_lzss</name>
         <load_address>0x1654</load_address>
         <run_address>0x1654</run_address>
         <size>0x68</size>
         <input_file_ref idref="fl-c8"/>
      </object_component>
      <object_component id="oc-312">
         <name>.text:IntIsEnabled</name>
         <load_address>0x16bc</load_address>
         <run_address>0x16bc</run_address>
         <size>0x64</size>
         <input_file_ref idref="fl-d5"/>
      </object_component>
      <object_component id="oc-331">
         <name>.text:I2CMReadModifyWrite8Callback</name>
         <load_address>0x1720</load_address>
         <run_address>0x1720</run_address>
         <size>0x60</size>
         <input_file_ref idref="fl-d9"/>
      </object_component>
      <object_component id="oc-1f3">
         <name>.text:I2CMStateWritePause</name>
         <load_address>0x1780</load_address>
         <run_address>0x1780</run_address>
         <size>0x5e</size>
         <input_file_ref idref="fl-d9"/>
      </object_component>
      <object_component id="oc-120">
         <name>.text:MPU6050Init</name>
         <load_address>0x17e0</load_address>
         <run_address>0x17e0</run_address>
         <size>0x5c</size>
         <input_file_ref idref="fl-da"/>
      </object_component>
      <object_component id="oc-14b">
         <name>.text:MPU6050DataRead</name>
         <load_address>0x183c</load_address>
         <run_address>0x183c</run_address>
         <size>0x54</size>
         <input_file_ref idref="fl-da"/>
      </object_component>
      <object_component id="oc-1f9">
         <name>.text:I2CMStateWriteFinal</name>
         <load_address>0x1890</load_address>
         <run_address>0x1890</run_address>
         <size>0x50</size>
         <input_file_ref idref="fl-d9"/>
      </object_component>
      <object_component id="oc-f0">
         <name>.text:SysCtlPeripheralReset</name>
         <load_address>0x18e0</load_address>
         <run_address>0x18e0</run_address>
         <size>0x50</size>
         <input_file_ref idref="fl-d6"/>
      </object_component>
      <object_component id="oc-10e">
         <name>.text:I2CMasterInitExpClk</name>
         <load_address>0x1930</load_address>
         <run_address>0x1930</run_address>
         <size>0x4c</size>
         <input_file_ref idref="fl-d4"/>
      </object_component>
      <object_component id="oc-145">
         <name>.text:MPU6050ReadModifyWrite</name>
         <load_address>0x197c</load_address>
         <run_address>0x197c</run_address>
         <size>0x4c</size>
         <input_file_ref idref="fl-da"/>
      </object_component>
      <object_component id="oc-1e1">
         <name>.text:I2CMStateReadNext</name>
         <load_address>0x19c8</load_address>
         <run_address>0x19c8</run_address>
         <size>0x4a</size>
         <input_file_ref idref="fl-d9"/>
      </object_component>
      <object_component id="oc-f6">
         <name>.text:GPIOPinConfigure</name>
         <load_address>0x1a14</load_address>
         <run_address>0x1a14</run_address>
         <size>0x48</size>
         <input_file_ref idref="fl-d3"/>
      </object_component>
      <object_component id="oc-1ff">
         <name>.text:I2CMStateWriteNext</name>
         <load_address>0x1a5c</load_address>
         <run_address>0x1a5c</run_address>
         <size>0x48</size>
         <input_file_ref idref="fl-d9"/>
      </object_component>
      <object_component id="oc-12c">
         <name>.text:UARTConfigSetExpClk</name>
         <load_address>0x1aa4</load_address>
         <run_address>0x1aa4</run_address>
         <size>0x46</size>
         <input_file_ref idref="fl-d7"/>
      </object_component>
      <object_component id="oc-1c9">
         <name>.text:I2CMStateCallback</name>
         <load_address>0x1aea</load_address>
         <run_address>0x1aea</run_address>
         <size>0x44</size>
         <input_file_ref idref="fl-d9"/>
      </object_component>
      <object_component id="oc-17f">
         <name>.text:__TI_auto_init_nobinit_nopinit:__TI_auto_init_nobinit_nopinit</name>
         <load_address>0x1b30</load_address>
         <run_address>0x1b30</run_address>
         <size>0x44</size>
         <input_file_ref idref="fl-cd"/>
      </object_component>
      <object_component id="oc-1db">
         <name>.text:I2CMStateReadFinal</name>
         <load_address>0x1b74</load_address>
         <run_address>0x1b74</run_address>
         <size>0x42</size>
         <input_file_ref idref="fl-d9"/>
      </object_component>
      <object_component id="oc-259">
         <name>.text:_I2CIntNumberGet</name>
         <load_address>0x1bb8</load_address>
         <run_address>0x1bb8</run_address>
         <size>0x40</size>
         <input_file_ref idref="fl-d4"/>
      </object_component>
      <object_component id="oc-1d5">
         <name>.text:I2CMStateReadPause</name>
         <load_address>0x1bf8</load_address>
         <run_address>0x1bf8</run_address>
         <size>0x3e</size>
         <input_file_ref idref="fl-d9"/>
      </object_component>
      <object_component id="oc-db">
         <name>.text</name>
         <load_address>0x1c36</load_address>
         <run_address>0x1c36</run_address>
         <size>0x38</size>
         <input_file_ref idref="fl-c5"/>
      </object_component>
      <object_component id="oc-114">
         <name>.text:I2CMInit</name>
         <load_address>0x1c6e</load_address>
         <run_address>0x1c6e</run_address>
         <size>0x34</size>
         <input_file_ref idref="fl-d9"/>
      </object_component>
      <object_component id="oc-25f">
         <name>.text:IntRegister</name>
         <load_address>0x1ca4</load_address>
         <run_address>0x1ca4</run_address>
         <size>0x34</size>
         <input_file_ref idref="fl-d5"/>
      </object_component>
      <object_component id="oc-ea">
         <name>.text:SysCtlPeripheralEnable</name>
         <load_address>0x1cd8</load_address>
         <run_address>0x1cd8</run_address>
         <size>0x34</size>
         <input_file_ref idref="fl-d6"/>
      </object_component>
      <object_component id="oc-59">
         <name>.text:_c_int00_noargs:_c_int00_noargs</name>
         <load_address>0x1d0c</load_address>
         <run_address>0x1d0c</run_address>
         <size>0x34</size>
         <input_file_ref idref="fl-c9"/>
      </object_component>
      <object_component id="oc-232">
         <name>.text:GPIODirModeSet</name>
         <load_address>0x1d40</load_address>
         <run_address>0x1d40</run_address>
         <size>0x2a</size>
         <input_file_ref idref="fl-d3"/>
      </object_component>
      <object_component id="oc-1e7">
         <name>.text:I2CMStateReadFirst</name>
         <load_address>0x1d6a</load_address>
         <run_address>0x1d6a</run_address>
         <size>0x2a</size>
         <input_file_ref idref="fl-d9"/>
      </object_component>
      <object_component id="oc-cf">
         <name>.text:sqrtf</name>
         <load_address>0x1d94</load_address>
         <run_address>0x1d94</run_address>
         <size>0x28</size>
         <input_file_ref idref="fl-bf"/>
      </object_component>
      <object_component id="oc-1ed">
         <name>.text:I2CMStateReadOne</name>
         <load_address>0x1dbc</load_address>
         <run_address>0x1dbc</run_address>
         <size>0x20</size>
         <input_file_ref idref="fl-d9"/>
      </object_component>
      <object_component id="oc-275">
         <name>.text:UARTDisable</name>
         <load_address>0x1ddc</load_address>
         <run_address>0x1ddc</run_address>
         <size>0x20</size>
         <input_file_ref idref="fl-d7"/>
      </object_component>
      <object_component id="oc-47">
         <name>.text:decompress:ZI:__TI_zero_init_nomemset:__TI_zero_init_nomemset</name>
         <load_address>0x1dfc</load_address>
         <run_address>0x1dfc</run_address>
         <size>0x1c</size>
         <input_file_ref idref="fl-c6"/>
      </object_component>
      <object_component id="oc-1cf">
         <name>.text:I2CMStateReadWait</name>
         <load_address>0x1e18</load_address>
         <run_address>0x1e18</run_address>
         <size>0x1a</size>
         <input_file_ref idref="fl-d9"/>
      </object_component>
      <object_component id="oc-11a">
         <name>.text:I2CIntRegister</name>
         <load_address>0x1e32</load_address>
         <run_address>0x1e32</run_address>
         <size>0x18</size>
         <input_file_ref idref="fl-d4"/>
      </object_component>
      <object_component id="oc-27b">
         <name>.text:UARTEnable</name>
         <load_address>0x1e4a</load_address>
         <run_address>0x1e4a</run_address>
         <size>0x14</size>
         <input_file_ref idref="fl-d7"/>
      </object_component>
      <object_component id="oc-102">
         <name>.text:GPIOPinTypeI2C</name>
         <load_address>0x1e5e</load_address>
         <run_address>0x1e5e</run_address>
         <size>0x12</size>
         <input_file_ref idref="fl-d3"/>
      </object_component>
      <object_component id="oc-fc">
         <name>.text:GPIOPinTypeI2CSCL</name>
         <load_address>0x1e70</load_address>
         <run_address>0x1e70</run_address>
         <size>0x12</size>
         <input_file_ref idref="fl-d3"/>
      </object_component>
      <object_component id="oc-126">
         <name>.text:GPIOPinTypeUART</name>
         <load_address>0x1e82</load_address>
         <run_address>0x1e82</run_address>
         <size>0x12</size>
         <input_file_ref idref="fl-d3"/>
      </object_component>
      <object_component id="oc-132">
         <name>.text:UARTSpaceAvail</name>
         <load_address>0x1e94</load_address>
         <run_address>0x1e94</run_address>
         <size>0xe</size>
         <input_file_ref idref="fl-d7"/>
      </object_component>
      <object_component id="oc-1b">
         <name>.text:decompress:none:__TI_decompress_none</name>
         <load_address>0x1ea2</load_address>
         <run_address>0x1ea2</run_address>
         <size>0xe</size>
         <input_file_ref idref="fl-c7"/>
      </object_component>
      <object_component id="oc-31e">
         <name>.text:IntTrigger</name>
         <load_address>0x1eb0</load_address>
         <run_address>0x1eb0</run_address>
         <size>0xc</size>
         <input_file_ref idref="fl-d5"/>
      </object_component>
      <object_component id="oc-27">
         <name>.text</name>
         <load_address>0x1ebc</load_address>
         <run_address>0x1ebc</run_address>
         <size>0xc</size>
         <input_file_ref idref="fl-2"/>
      </object_component>
      <object_component id="oc-244">
         <name>.text:I2CMasterEnable</name>
         <load_address>0x1ec8</load_address>
         <run_address>0x1ec8</run_address>
         <size>0xa</size>
         <input_file_ref idref="fl-d4"/>
      </object_component>
      <object_component id="oc-138">
         <name>.text:UARTCharPut</name>
         <load_address>0x1ed2</load_address>
         <run_address>0x1ed2</run_address>
         <size>0xa</size>
         <input_file_ref idref="fl-d7"/>
      </object_component>
      <object_component id="oc-1bd">
         <name>.text:I2CMasterIntClear</name>
         <load_address>0x1edc</load_address>
         <run_address>0x1edc</run_address>
         <size>0x8</size>
         <input_file_ref idref="fl-d4"/>
      </object_component>
      <object_component id="oc-252">
         <name>.text:I2CMasterIntEnableEx</name>
         <load_address>0x1ee4</load_address>
         <run_address>0x1ee4</run_address>
         <size>0x8</size>
         <input_file_ref idref="fl-d4"/>
      </object_component>
      <object_component id="oc-2c4">
         <name>.text:I2CMasterSlaveAddrSet</name>
         <load_address>0x1eec</load_address>
         <run_address>0x1eec</run_address>
         <size>0x8</size>
         <input_file_ref idref="fl-d4"/>
      </object_component>
      <object_component id="oc-212">
         <name>.text:__aeabi_errno_addr</name>
         <load_address>0x1ef4</load_address>
         <run_address>0x1ef4</run_address>
         <size>0x8</size>
         <input_file_ref idref="fl-ca"/>
      </object_component>
      <object_component id="oc-168">
         <name>.text:SysCtlDelay</name>
         <load_address>0x1efc</load_address>
         <run_address>0x1efc</run_address>
         <size>0x6</size>
         <input_file_ref idref="fl-d6"/>
      </object_component>
      <object_component id="oc-1c3">
         <name>.text:I2CMasterControl</name>
         <load_address>0x1f02</load_address>
         <run_address>0x1f02</run_address>
         <size>0x4</size>
         <input_file_ref idref="fl-d4"/>
      </object_component>
      <object_component id="oc-2ba">
         <name>.text:I2CMasterDataGet</name>
         <load_address>0x1f06</load_address>
         <run_address>0x1f06</run_address>
         <size>0x4</size>
         <input_file_ref idref="fl-d4"/>
      </object_component>
      <object_component id="oc-2cc">
         <name>.text:I2CMasterDataPut</name>
         <load_address>0x1f0a</load_address>
         <run_address>0x1f0a</run_address>
         <size>0x4</size>
         <input_file_ref idref="fl-d4"/>
      </object_component>
      <object_component id="oc-95">
         <name>.text:_system_pre_init</name>
         <load_address>0x1f0e</load_address>
         <run_address>0x1f0e</run_address>
         <size>0x4</size>
         <input_file_ref idref="fl-ce"/>
      </object_component>
      <object_component id="oc-173">
         <name>.text:abort:abort</name>
         <load_address>0x1f12</load_address>
         <run_address>0x1f12</run_address>
         <size>0x4</size>
         <input_file_ref idref="fl-d0"/>
      </object_component>
      <object_component id="oc-22d">
         <name>.const:g_pui32GPIOBaseAddrs</name>
         <load_address>0x1f18</load_address>
         <run_address>0x1f18</run_address>
         <size>0x90</size>
         <input_file_ref idref="fl-d3"/>
      </object_component>
      <object_component id="oc-301">
         <name>.const</name>
         <load_address>0x1fa8</load_address>
         <run_address>0x1fa8</run_address>
         <size>0x70</size>
         <input_file_ref idref="fl-d5"/>
      </object_component>
      <object_component id="oc-240">
         <name>.const:g_pui32Xtals</name>
         <load_address>0x2018</load_address>
         <run_address>0x2018</run_address>
         <size>0x6c</size>
         <input_file_ref idref="fl-d6"/>
      </object_component>
      <object_component id="oc-30a">
         <name>.const:g_ppui32I2CIntMapSnowflake</name>
         <load_address>0x2084</load_address>
         <run_address>0x2084</run_address>
         <size>0x50</size>
         <input_file_ref idref="fl-d4"/>
      </object_component>
      <object_component id="oc-2e4">
         <name>.const:$O1$$</name>
         <load_address>0x20d4</load_address>
         <run_address>0x20d4</run_address>
         <size>0x34</size>
         <input_file_ref idref="fl-c0"/>
      </object_component>
      <object_component id="oc-307">
         <name>.const:g_ppui32I2CIntMap</name>
         <load_address>0x2108</load_address>
         <run_address>0x2108</run_address>
         <size>0x30</size>
         <input_file_ref idref="fl-d4"/>
      </object_component>
      <object_component id="oc-28e">
         <name>.const</name>
         <load_address>0x2138</load_address>
         <run_address>0x2138</run_address>
         <size>0x20</size>
         <input_file_ref idref="fl-da"/>
      </object_component>
      <object_component id="oc-3b1">
         <name>.cinit..data.load</name>
         <load_address>0x2158</load_address>
         <run_address>0x2158</run_address>
         <size>0x11</size>
      </object_component>
      <object_component id="oc-3ae">
         <name>__TI_handler_table</name>
         <load_address>0x216c</load_address>
         <run_address>0x216c</run_address>
         <size>0xc</size>
      </object_component>
      <object_component id="oc-3b2">
         <name>.cinit..bss.load</name>
         <load_address>0x2178</load_address>
         <run_address>0x2178</run_address>
         <size>0x8</size>
      </object_component>
      <object_component id="oc-3b0">
         <name>.cinit..vtable.load</name>
         <load_address>0x2180</load_address>
         <run_address>0x2180</run_address>
         <size>0x8</size>
      </object_component>
      <object_component id="oc-3af">
         <name>__TI_cinit_table</name>
         <load_address>0x2188</load_address>
         <run_address>0x2188</run_address>
         <size>0x18</size>
      </object_component>
      <object_component id="oc-30e">
         <name>.vtable</name>
         <uninitialized>true</uninitialized>
         <run_address>0x20000000</run_address>
         <size>0x26c</size>
         <input_file_ref idref="fl-d5"/>
      </object_component>
      <object_component id="oc-16a">
         <name>.data</name>
         <load_address>0x200005d0</load_address>
         <run_address>0x200005d0</run_address>
         <size>0x10</size>
         <input_file_ref idref="fl-1"/>
      </object_component>
      <object_component id="oc-2dd">
         <name>.data</name>
         <load_address>0x200005e0</load_address>
         <run_address>0x200005e0</run_address>
         <size>0x4</size>
         <input_file_ref idref="fl-ca"/>
      </object_component>
      <object_component id="oc-167">
         <name>.common:g_bMPU6050Done</name>
         <uninitialized>true</uninitialized>
         <run_address>0x200005cc</run_address>
         <size>0x1</size>
      </object_component>
      <object_component id="oc-169">
         <name>.common:sMPU6050</name>
         <uninitialized>true</uninitialized>
         <run_address>0x20000594</run_address>
         <size>0x38</size>
      </object_component>
      <object_component id="oc-13e">
         <name>.common:g_sI2CMSimpleInst</name>
         <uninitialized>true</uninitialized>
         <run_address>0x20000470</run_address>
         <size>0x124</size>
      </object_component>
      <object_component id="oc-24">
         <name>.stack</name>
         <uninitialized>true</uninitialized>
         <run_address>0x20000270</run_address>
         <size>0x4</size>
         <input_file_ref idref="fl-c9"/>
      </object_component>
      <object_component id="oc-3b4">
         <name>.stack</name>
         <uninitialized>true</uninitialized>
         <run_address>0x20000270</run_address>
         <size>0x0</size>
      </object_component>
      <object_component id="oc-b7">
         <name>.debug_info</name>
         <load_address>0x0</load_address>
         <run_address>0x0</run_address>
         <size>0x994</size>
         <input_file_ref idref="fl-1"/>
      </object_component>
      <object_component id="oc-16b">
         <name>.debug_info</name>
         <load_address>0x994</load_address>
         <run_address>0x994</run_address>
         <size>0x18c</size>
         <input_file_ref idref="fl-1"/>
      </object_component>
      <object_component id="oc-9c">
         <name>.debug_info</name>
         <load_address>0xb20</load_address>
         <run_address>0xb20</run_address>
         <size>0x8e2</size>
         <input_file_ref idref="fl-1"/>
      </object_component>
      <object_component id="oc-1b3">
         <name>.debug_info</name>
         <load_address>0x1402</load_address>
         <run_address>0x1402</run_address>
         <size>0x4e6</size>
         <input_file_ref idref="fl-1"/>
      </object_component>
      <object_component id="oc-1b8">
         <name>.debug_info</name>
         <load_address>0x18e8</load_address>
         <run_address>0x18e8</run_address>
         <size>0x158</size>
         <input_file_ref idref="fl-1"/>
      </object_component>
      <object_component id="oc-70">
         <name>.debug_info</name>
         <load_address>0x1a40</load_address>
         <run_address>0x1a40</run_address>
         <size>0x26b</size>
         <input_file_ref idref="fl-1"/>
      </object_component>
      <object_component id="oc-b2">
         <name>.debug_info</name>
         <load_address>0x1cab</load_address>
         <run_address>0x1cab</run_address>
         <size>0x8b</size>
         <input_file_ref idref="fl-1"/>
      </object_component>
      <object_component id="oc-ad">
         <name>.debug_info</name>
         <load_address>0x1d36</load_address>
         <run_address>0x1d36</run_address>
         <size>0x2a4</size>
         <input_file_ref idref="fl-1"/>
      </object_component>
      <object_component id="oc-16e">
         <name>.debug_info</name>
         <load_address>0x1fda</load_address>
         <run_address>0x1fda</run_address>
         <size>0xef</size>
         <input_file_ref idref="fl-1"/>
      </object_component>
      <object_component id="oc-75">
         <name>.debug_info</name>
         <load_address>0x20c9</load_address>
         <run_address>0x20c9</run_address>
         <size>0xbb</size>
         <input_file_ref idref="fl-1"/>
      </object_component>
      <object_component id="oc-2f">
         <name>.debug_info</name>
         <load_address>0x2184</load_address>
         <run_address>0x2184</run_address>
         <size>0x2dc</size>
         <input_file_ref idref="fl-2"/>
      </object_component>
      <object_component id="oc-13">
         <name>.debug_info</name>
         <load_address>0x2460</load_address>
         <run_address>0x2460</run_address>
         <size>0x11b</size>
         <input_file_ref idref="fl-2"/>
      </object_component>
      <object_component id="oc-28">
         <name>.debug_info</name>
         <load_address>0x257b</load_address>
         <run_address>0x257b</run_address>
         <size>0x297</size>
         <input_file_ref idref="fl-2"/>
      </object_component>
      <object_component id="oc-36">
         <name>.debug_info</name>
         <load_address>0x2812</load_address>
         <run_address>0x2812</run_address>
         <size>0x84</size>
         <input_file_ref idref="fl-2"/>
      </object_component>
      <object_component id="oc-221">
         <name>.debug_info</name>
         <load_address>0x2896</load_address>
         <run_address>0x2896</run_address>
         <size>0x2a7</size>
         <input_file_ref idref="fl-be"/>
      </object_component>
      <object_component id="oc-d8">
         <name>.debug_info</name>
         <load_address>0x2b3d</load_address>
         <run_address>0x2b3d</run_address>
         <size>0x1ea</size>
         <input_file_ref idref="fl-be"/>
      </object_component>
      <object_component id="oc-2ea">
         <name>.debug_info</name>
         <load_address>0x2d27</load_address>
         <run_address>0x2d27</run_address>
         <size>0x39</size>
         <input_file_ref idref="fl-be"/>
      </object_component>
      <object_component id="oc-222">
         <name>.debug_info</name>
         <load_address>0x2d60</load_address>
         <run_address>0x2d60</run_address>
         <size>0x2c</size>
         <input_file_ref idref="fl-be"/>
      </object_component>
      <object_component id="oc-219">
         <name>.debug_info</name>
         <load_address>0x2d8c</load_address>
         <run_address>0x2d8c</run_address>
         <size>0x2c1</size>
         <input_file_ref idref="fl-bf"/>
      </object_component>
      <object_component id="oc-d2">
         <name>.debug_info</name>
         <load_address>0x304d</load_address>
         <run_address>0x304d</run_address>
         <size>0x171</size>
         <input_file_ref idref="fl-bf"/>
      </object_component>
      <object_component id="oc-364">
         <name>.debug_info</name>
         <load_address>0x31be</load_address>
         <run_address>0x31be</run_address>
         <size>0x2ee</size>
         <input_file_ref idref="fl-c0"/>
      </object_component>
      <object_component id="oc-2e5">
         <name>.debug_info</name>
         <load_address>0x34ac</load_address>
         <run_address>0x34ac</run_address>
         <size>0x132</size>
         <input_file_ref idref="fl-c0"/>
      </object_component>
      <object_component id="oc-21e">
         <name>.debug_info</name>
         <load_address>0x35de</load_address>
         <run_address>0x35de</run_address>
         <size>0x1ad</size>
         <input_file_ref idref="fl-c0"/>
      </object_component>
      <object_component id="oc-163">
         <name>.debug_info</name>
         <load_address>0x378b</load_address>
         <run_address>0x378b</run_address>
         <size>0x14c</size>
         <input_file_ref idref="fl-c1"/>
      </object_component>
      <object_component id="oc-e3">
         <name>.debug_info</name>
         <load_address>0x38d7</load_address>
         <run_address>0x38d7</run_address>
         <size>0x13a</size>
         <input_file_ref idref="fl-c2"/>
      </object_component>
      <object_component id="oc-15e">
         <name>.debug_info</name>
         <load_address>0x3a11</load_address>
         <run_address>0x3a11</run_address>
         <size>0x13a</size>
         <input_file_ref idref="fl-c3"/>
      </object_component>
      <object_component id="oc-e8">
         <name>.debug_info</name>
         <load_address>0x3b4b</load_address>
         <run_address>0x3b4b</run_address>
         <size>0x13e</size>
         <input_file_ref idref="fl-c4"/>
      </object_component>
      <object_component id="oc-de">
         <name>.debug_info</name>
         <load_address>0x3c89</load_address>
         <run_address>0x3c89</run_address>
         <size>0x12c</size>
         <input_file_ref idref="fl-c5"/>
      </object_component>
      <object_component id="oc-8e">
         <name>.debug_info</name>
         <load_address>0x3db5</load_address>
         <run_address>0x3db5</run_address>
         <size>0x2d4</size>
         <input_file_ref idref="fl-c6"/>
      </object_component>
      <object_component id="oc-48">
         <name>.debug_info</name>
         <load_address>0x4089</load_address>
         <run_address>0x4089</run_address>
         <size>0x1d2</size>
         <input_file_ref idref="fl-c6"/>
      </object_component>
      <object_component id="oc-89">
         <name>.debug_info</name>
         <load_address>0x425b</load_address>
         <run_address>0x425b</run_address>
         <size>0x46</size>
         <input_file_ref idref="fl-c6"/>
      </object_component>
      <object_component id="oc-c0">
         <name>.debug_info</name>
         <load_address>0x42a1</load_address>
         <run_address>0x42a1</run_address>
         <size>0x2c</size>
         <input_file_ref idref="fl-c6"/>
      </object_component>
      <object_component id="oc-46">
         <name>.debug_info</name>
         <load_address>0x42cd</load_address>
         <run_address>0x42cd</run_address>
         <size>0x2a8</size>
         <input_file_ref idref="fl-c7"/>
      </object_component>
      <object_component id="oc-1f">
         <name>.debug_info</name>
         <load_address>0x4575</load_address>
         <run_address>0x4575</run_address>
         <size>0x1ea</size>
         <input_file_ref idref="fl-c7"/>
      </object_component>
      <object_component id="oc-41">
         <name>.debug_info</name>
         <load_address>0x475f</load_address>
         <run_address>0x475f</run_address>
         <size>0x46</size>
         <input_file_ref idref="fl-c7"/>
      </object_component>
      <object_component id="oc-81">
         <name>.debug_info</name>
         <load_address>0x47a5</load_address>
         <run_address>0x47a5</run_address>
         <size>0x2c</size>
         <input_file_ref idref="fl-c7"/>
      </object_component>
      <object_component id="oc-7f">
         <name>.debug_info</name>
         <load_address>0x47d1</load_address>
         <run_address>0x47d1</run_address>
         <size>0x29e</size>
         <input_file_ref idref="fl-c8"/>
      </object_component>
      <object_component id="oc-16">
         <name>.debug_info</name>
         <load_address>0x4a6f</load_address>
         <run_address>0x4a6f</run_address>
         <size>0x250</size>
         <input_file_ref idref="fl-c8"/>
      </object_component>
      <object_component id="oc-31">
         <name>.debug_info</name>
         <load_address>0x4cbf</load_address>
         <run_address>0x4cbf</run_address>
         <size>0x60</size>
         <input_file_ref idref="fl-c8"/>
      </object_component>
      <object_component id="oc-b9">
         <name>.debug_info</name>
         <load_address>0x4d1f</load_address>
         <run_address>0x4d1f</run_address>
         <size>0x46</size>
         <input_file_ref idref="fl-c8"/>
      </object_component>
      <object_component id="oc-7a">
         <name>.debug_info</name>
         <load_address>0x4d65</load_address>
         <run_address>0x4d65</run_address>
         <size>0x39</size>
         <input_file_ref idref="fl-c8"/>
      </object_component>
      <object_component id="oc-25">
         <name>.debug_info</name>
         <load_address>0x4d9e</load_address>
         <run_address>0x4d9e</run_address>
         <size>0x10b</size>
         <input_file_ref idref="fl-c9"/>
      </object_component>
      <object_component id="oc-5c">
         <name>.debug_info</name>
         <load_address>0x4ea9</load_address>
         <run_address>0x4ea9</run_address>
         <size>0x1a9</size>
         <input_file_ref idref="fl-c9"/>
      </object_component>
      <object_component id="oc-2e1">
         <name>.debug_info</name>
         <load_address>0x5052</load_address>
         <run_address>0x5052</run_address>
         <size>0x289</size>
         <input_file_ref idref="fl-ca"/>
      </object_component>
      <object_component id="oc-2de">
         <name>.debug_info</name>
         <load_address>0x52db</load_address>
         <run_address>0x52db</run_address>
         <size>0x10e</size>
         <input_file_ref idref="fl-ca"/>
      </object_component>
      <object_component id="oc-213">
         <name>.debug_info</name>
         <load_address>0x53e9</load_address>
         <run_address>0x53e9</run_address>
         <size>0x14e</size>
         <input_file_ref idref="fl-ca"/>
      </object_component>
      <object_component id="oc-3c">
         <name>.debug_info</name>
         <load_address>0x5537</load_address>
         <run_address>0x5537</run_address>
         <size>0x119</size>
         <input_file_ref idref="fl-cb"/>
      </object_component>
      <object_component id="oc-2a2">
         <name>.debug_info</name>
         <load_address>0x5650</load_address>
         <run_address>0x5650</run_address>
         <size>0x4b3</size>
         <input_file_ref idref="fl-cd"/>
      </object_component>
      <object_component id="oc-181">
         <name>.debug_info</name>
         <load_address>0x5b03</load_address>
         <run_address>0x5b03</run_address>
         <size>0x1a6</size>
         <input_file_ref idref="fl-cd"/>
      </object_component>
      <object_component id="oc-34a">
         <name>.debug_info</name>
         <load_address>0x5ca9</load_address>
         <run_address>0x5ca9</run_address>
         <size>0x39</size>
         <input_file_ref idref="fl-cd"/>
      </object_component>
      <object_component id="oc-377">
         <name>.debug_info</name>
         <load_address>0x5ce2</load_address>
         <run_address>0x5ce2</run_address>
         <size>0x39</size>
         <input_file_ref idref="fl-cd"/>
      </object_component>
      <object_component id="oc-34f">
         <name>.debug_info</name>
         <load_address>0x5d1b</load_address>
         <run_address>0x5d1b</run_address>
         <size>0x39</size>
         <input_file_ref idref="fl-cd"/>
      </object_component>
      <object_component id="oc-354">
         <name>.debug_info</name>
         <load_address>0x5d54</load_address>
         <run_address>0x5d54</run_address>
         <size>0xcd</size>
         <input_file_ref idref="fl-cd"/>
      </object_component>
      <object_component id="oc-96">
         <name>.debug_info</name>
         <load_address>0x5e21</load_address>
         <run_address>0x5e21</run_address>
         <size>0x153</size>
         <input_file_ref idref="fl-ce"/>
      </object_component>
      <object_component id="oc-176">
         <name>.debug_info</name>
         <load_address>0x5f74</load_address>
         <run_address>0x5f74</run_address>
         <size>0x122</size>
         <input_file_ref idref="fl-d0"/>
      </object_component>
      <object_component id="oc-231">
         <name>.debug_info</name>
         <load_address>0x6096</load_address>
         <run_address>0x6096</run_address>
         <size>0x240</size>
         <input_file_ref idref="fl-d3"/>
      </object_component>
      <object_component id="oc-22e">
         <name>.debug_info</name>
         <load_address>0x62d6</load_address>
         <run_address>0x62d6</run_address>
         <size>0x15b</size>
         <input_file_ref idref="fl-d3"/>
      </object_component>
      <object_component id="oc-236">
         <name>.debug_info</name>
         <load_address>0x6431</load_address>
         <run_address>0x6431</run_address>
         <size>0x2b3</size>
         <input_file_ref idref="fl-d3"/>
      </object_component>
      <object_component id="oc-23a">
         <name>.debug_info</name>
         <load_address>0x66e4</load_address>
         <run_address>0x66e4</run_address>
         <size>0x316</size>
         <input_file_ref idref="fl-d3"/>
      </object_component>
      <object_component id="oc-128">
         <name>.debug_info</name>
         <load_address>0x69fa</load_address>
         <run_address>0x69fa</run_address>
         <size>0x27b</size>
         <input_file_ref idref="fl-d3"/>
      </object_component>
      <object_component id="oc-fe">
         <name>.debug_info</name>
         <load_address>0x6c75</load_address>
         <run_address>0x6c75</run_address>
         <size>0x27f</size>
         <input_file_ref idref="fl-d3"/>
      </object_component>
      <object_component id="oc-104">
         <name>.debug_info</name>
         <load_address>0x6ef4</load_address>
         <run_address>0x6ef4</run_address>
         <size>0x279</size>
         <input_file_ref idref="fl-d3"/>
      </object_component>
      <object_component id="oc-f8">
         <name>.debug_info</name>
         <load_address>0x716d</load_address>
         <run_address>0x716d</run_address>
         <size>0x280</size>
         <input_file_ref idref="fl-d3"/>
      </object_component>
      <object_component id="oc-20d">
         <name>.debug_info</name>
         <load_address>0x73ed</load_address>
         <run_address>0x73ed</run_address>
         <size>0x18b</size>
         <input_file_ref idref="fl-d3"/>
      </object_component>
      <object_component id="oc-24b">
         <name>.debug_info</name>
         <load_address>0x7578</load_address>
         <run_address>0x7578</run_address>
         <size>0x231</size>
         <input_file_ref idref="fl-d4"/>
      </object_component>
      <object_component id="oc-308">
         <name>.debug_info</name>
         <load_address>0x77a9</load_address>
         <run_address>0x77a9</run_address>
         <size>0x154</size>
         <input_file_ref idref="fl-d4"/>
      </object_component>
      <object_component id="oc-30b">
         <name>.debug_info</name>
         <load_address>0x78fd</load_address>
         <run_address>0x78fd</run_address>
         <size>0x166</size>
         <input_file_ref idref="fl-d4"/>
      </object_component>
      <object_component id="oc-2c5">
         <name>.debug_info</name>
         <load_address>0x7a63</load_address>
         <run_address>0x7a63</run_address>
         <size>0x2ce</size>
         <input_file_ref idref="fl-d4"/>
      </object_component>
      <object_component id="oc-253">
         <name>.debug_info</name>
         <load_address>0x7d31</load_address>
         <run_address>0x7d31</run_address>
         <size>0x29a</size>
         <input_file_ref idref="fl-d4"/>
      </object_component>
      <object_component id="oc-1bf">
         <name>.debug_info</name>
         <load_address>0x7fcb</load_address>
         <run_address>0x7fcb</run_address>
         <size>0x252</size>
         <input_file_ref idref="fl-d4"/>
      </object_component>
      <object_component id="oc-246">
         <name>.debug_info</name>
         <load_address>0x821d</load_address>
         <run_address>0x821d</run_address>
         <size>0x24e</size>
         <input_file_ref idref="fl-d4"/>
      </object_component>
      <object_component id="oc-110">
         <name>.debug_info</name>
         <load_address>0x846b</load_address>
         <run_address>0x846b</run_address>
         <size>0x2d5</size>
         <input_file_ref idref="fl-d4"/>
      </object_component>
      <object_component id="oc-2ce">
         <name>.debug_info</name>
         <load_address>0x8740</load_address>
         <run_address>0x8740</run_address>
         <size>0x27e</size>
         <input_file_ref idref="fl-d4"/>
      </object_component>
      <object_component id="oc-2bc">
         <name>.debug_info</name>
         <load_address>0x89be</load_address>
         <run_address>0x89be</run_address>
         <size>0x254</size>
         <input_file_ref idref="fl-d4"/>
      </object_component>
      <object_component id="oc-1c5">
         <name>.debug_info</name>
         <load_address>0x8c12</load_address>
         <run_address>0x8c12</run_address>
         <size>0x27e</size>
         <input_file_ref idref="fl-d4"/>
      </object_component>
      <object_component id="oc-25b">
         <name>.debug_info</name>
         <load_address>0x8e90</load_address>
         <run_address>0x8e90</run_address>
         <size>0x28c</size>
         <input_file_ref idref="fl-d4"/>
      </object_component>
      <object_component id="oc-11c">
         <name>.debug_info</name>
         <load_address>0x911c</load_address>
         <run_address>0x911c</run_address>
         <size>0x2bd</size>
         <input_file_ref idref="fl-d4"/>
      </object_component>
      <object_component id="oc-305">
         <name>.debug_info</name>
         <load_address>0x93d9</load_address>
         <run_address>0x93d9</run_address>
         <size>0x20e</size>
         <input_file_ref idref="fl-d5"/>
      </object_component>
      <object_component id="oc-302">
         <name>.debug_info</name>
         <load_address>0x95e7</load_address>
         <run_address>0x95e7</run_address>
         <size>0x210</size>
         <input_file_ref idref="fl-d5"/>
      </object_component>
      <object_component id="oc-30f">
         <name>.debug_info</name>
         <load_address>0x97f7</load_address>
         <run_address>0x97f7</run_address>
         <size>0x157</size>
         <input_file_ref idref="fl-d5"/>
      </object_component>
      <object_component id="oc-322">
         <name>.debug_info</name>
         <load_address>0x994e</load_address>
         <run_address>0x994e</run_address>
         <size>0x26a</size>
         <input_file_ref idref="fl-d5"/>
      </object_component>
      <object_component id="oc-263">
         <name>.debug_info</name>
         <load_address>0x9bb8</load_address>
         <run_address>0x9bb8</run_address>
         <size>0x2c1</size>
         <input_file_ref idref="fl-d5"/>
      </object_component>
      <object_component id="oc-316">
         <name>.debug_info</name>
         <load_address>0x9e79</load_address>
         <run_address>0x9e79</run_address>
         <size>0x2a1</size>
         <input_file_ref idref="fl-d5"/>
      </object_component>
      <object_component id="oc-250">
         <name>.debug_info</name>
         <load_address>0xa11a</load_address>
         <run_address>0xa11a</run_address>
         <size>0x268</size>
         <input_file_ref idref="fl-d5"/>
      </object_component>
      <object_component id="oc-31c">
         <name>.debug_info</name>
         <load_address>0xa382</load_address>
         <run_address>0xa382</run_address>
         <size>0x26a</size>
         <input_file_ref idref="fl-d5"/>
      </object_component>
      <object_component id="oc-22b">
         <name>.debug_info</name>
         <load_address>0xa5ec</load_address>
         <run_address>0xa5ec</run_address>
         <size>0x298</size>
         <input_file_ref idref="fl-d6"/>
      </object_component>
      <object_component id="oc-241">
         <name>.debug_info</name>
         <load_address>0xa884</load_address>
         <run_address>0xa884</run_address>
         <size>0x14d</size>
         <input_file_ref idref="fl-d6"/>
      </object_component>
      <object_component id="oc-f4">
         <name>.debug_info</name>
         <load_address>0xa9d1</load_address>
         <run_address>0xa9d1</run_address>
         <size>0x295</size>
         <input_file_ref idref="fl-d6"/>
      </object_component>
      <object_component id="oc-ec">
         <name>.debug_info</name>
         <load_address>0xac66</load_address>
         <run_address>0xac66</run_address>
         <size>0x27d</size>
         <input_file_ref idref="fl-d6"/>
      </object_component>
      <object_component id="oc-142">
         <name>.debug_info</name>
         <load_address>0xaee3</load_address>
         <run_address>0xaee3</run_address>
         <size>0x2db</size>
         <input_file_ref idref="fl-d6"/>
      </object_component>
      <object_component id="oc-10b">
         <name>.debug_info</name>
         <load_address>0xb1be</load_address>
         <run_address>0xb1be</run_address>
         <size>0x2b5</size>
         <input_file_ref idref="fl-d6"/>
      </object_component>
      <object_component id="oc-2f1">
         <name>.debug_info</name>
         <load_address>0xb473</load_address>
         <run_address>0xb473</run_address>
         <size>0x5f</size>
         <input_file_ref idref="fl-d6"/>
      </object_component>
      <object_component id="oc-282">
         <name>.debug_info</name>
         <load_address>0xb4d2</load_address>
         <run_address>0xb4d2</run_address>
         <size>0x227</size>
         <input_file_ref idref="fl-d7"/>
      </object_component>
      <object_component id="oc-133">
         <name>.debug_info</name>
         <load_address>0xb6f9</load_address>
         <run_address>0xb6f9</run_address>
         <size>0x253</size>
         <input_file_ref idref="fl-d7"/>
      </object_component>
      <object_component id="oc-27c">
         <name>.debug_info</name>
         <load_address>0xb94c</load_address>
         <run_address>0xb94c</run_address>
         <size>0x247</size>
         <input_file_ref idref="fl-d7"/>
      </object_component>
      <object_component id="oc-276">
         <name>.debug_info</name>
         <load_address>0xbb93</load_address>
         <run_address>0xbb93</run_address>
         <size>0x249</size>
         <input_file_ref idref="fl-d7"/>
      </object_component>
      <object_component id="oc-12d">
         <name>.debug_info</name>
         <load_address>0xbddc</load_address>
         <run_address>0xbddc</run_address>
         <size>0x326</size>
         <input_file_ref idref="fl-d7"/>
      </object_component>
      <object_component id="oc-139">
         <name>.debug_info</name>
         <load_address>0xc102</load_address>
         <run_address>0xc102</run_address>
         <size>0x273</size>
         <input_file_ref idref="fl-d7"/>
      </object_component>
      <object_component id="oc-20c">
         <name>.debug_info</name>
         <load_address>0xc375</load_address>
         <run_address>0xc375</run_address>
         <size>0x44b</size>
         <input_file_ref idref="fl-d9"/>
      </object_component>
      <object_component id="oc-268">
         <name>.debug_info</name>
         <load_address>0xc7c0</load_address>
         <run_address>0xc7c0</run_address>
         <size>0x484</size>
         <input_file_ref idref="fl-d9"/>
      </object_component>
      <object_component id="oc-333">
         <name>.debug_info</name>
         <load_address>0xcc44</load_address>
         <run_address>0xcc44</run_address>
         <size>0x2f2</size>
         <input_file_ref idref="fl-d9"/>
      </object_component>
      <object_component id="oc-289">
         <name>.debug_info</name>
         <load_address>0xcf36</load_address>
         <run_address>0xcf36</run_address>
         <size>0x3a4</size>
         <input_file_ref idref="fl-d9"/>
      </object_component>
      <object_component id="oc-1cc">
         <name>.debug_info</name>
         <load_address>0xd2da</load_address>
         <run_address>0xd2da</run_address>
         <size>0x32c</size>
         <input_file_ref idref="fl-d9"/>
      </object_component>
      <object_component id="oc-1d2">
         <name>.debug_info</name>
         <load_address>0xd606</load_address>
         <run_address>0xd606</run_address>
         <size>0x2a1</size>
         <input_file_ref idref="fl-d9"/>
      </object_component>
      <object_component id="oc-1d8">
         <name>.debug_info</name>
         <load_address>0xd8a7</load_address>
         <run_address>0xd8a7</run_address>
         <size>0x2ba</size>
         <input_file_ref idref="fl-d9"/>
      </object_component>
      <object_component id="oc-1de">
         <name>.debug_info</name>
         <load_address>0xdb61</load_address>
         <run_address>0xdb61</run_address>
         <size>0x2c7</size>
         <input_file_ref idref="fl-d9"/>
      </object_component>
      <object_component id="oc-1e4">
         <name>.debug_info</name>
         <load_address>0xde28</load_address>
         <run_address>0xde28</run_address>
         <size>0x2c5</size>
         <input_file_ref idref="fl-d9"/>
      </object_component>
      <object_component id="oc-1ea">
         <name>.debug_info</name>
         <load_address>0xe0ed</load_address>
         <run_address>0xe0ed</run_address>
         <size>0x2bf</size>
         <input_file_ref idref="fl-d9"/>
      </object_component>
      <object_component id="oc-1f0">
         <name>.debug_info</name>
         <load_address>0xe3ac</load_address>
         <run_address>0xe3ac</run_address>
         <size>0x2bb</size>
         <input_file_ref idref="fl-d9"/>
      </object_component>
      <object_component id="oc-1f6">
         <name>.debug_info</name>
         <load_address>0xe667</load_address>
         <run_address>0xe667</run_address>
         <size>0x2ea</size>
         <input_file_ref idref="fl-d9"/>
      </object_component>
      <object_component id="oc-1fc">
         <name>.debug_info</name>
         <load_address>0xe951</load_address>
         <run_address>0xe951</run_address>
         <size>0x2e0</size>
         <input_file_ref idref="fl-d9"/>
      </object_component>
      <object_component id="oc-202">
         <name>.debug_info</name>
         <load_address>0xec31</load_address>
         <run_address>0xec31</run_address>
         <size>0x2c7</size>
         <input_file_ref idref="fl-d9"/>
      </object_component>
      <object_component id="oc-208">
         <name>.debug_info</name>
         <load_address>0xeef8</load_address>
         <run_address>0xeef8</run_address>
         <size>0x32d</size>
         <input_file_ref idref="fl-d9"/>
      </object_component>
      <object_component id="oc-cc">
         <name>.debug_info</name>
         <load_address>0xf225</load_address>
         <run_address>0xf225</run_address>
         <size>0x3f3</size>
         <input_file_ref idref="fl-d9"/>
      </object_component>
      <object_component id="oc-117">
         <name>.debug_info</name>
         <load_address>0xf618</load_address>
         <run_address>0xf618</run_address>
         <size>0x350</size>
         <input_file_ref idref="fl-d9"/>
      </object_component>
      <object_component id="oc-2d8">
         <name>.debug_info</name>
         <load_address>0xf968</load_address>
         <run_address>0xf968</run_address>
         <size>0x4e6</size>
         <input_file_ref idref="fl-d9"/>
      </object_component>
      <object_component id="oc-273">
         <name>.debug_info</name>
         <load_address>0xfe4e</load_address>
         <run_address>0xfe4e</run_address>
         <size>0x374</size>
         <input_file_ref idref="fl-da"/>
      </object_component>
      <object_component id="oc-28f">
         <name>.debug_info</name>
         <load_address>0x101c2</load_address>
         <run_address>0x101c2</run_address>
         <size>0x19c</size>
         <input_file_ref idref="fl-da"/>
      </object_component>
      <object_component id="oc-147">
         <name>.debug_info</name>
         <load_address>0x1035e</load_address>
         <run_address>0x1035e</run_address>
         <size>0x34f</size>
         <input_file_ref idref="fl-da"/>
      </object_component>
      <object_component id="oc-122">
         <name>.debug_info</name>
         <load_address>0x106ad</load_address>
         <run_address>0x106ad</run_address>
         <size>0x334</size>
         <input_file_ref idref="fl-da"/>
      </object_component>
      <object_component id="oc-14e">
         <name>.debug_info</name>
         <load_address>0x109e1</load_address>
         <run_address>0x109e1</run_address>
         <size>0x2f0</size>
         <input_file_ref idref="fl-da"/>
      </object_component>
      <object_component id="oc-15a">
         <name>.debug_info</name>
         <load_address>0x10cd1</load_address>
         <run_address>0x10cd1</run_address>
         <size>0x304</size>
         <input_file_ref idref="fl-da"/>
      </object_component>
      <object_component id="oc-154">
         <name>.debug_info</name>
         <load_address>0x10fd5</load_address>
         <run_address>0x10fd5</run_address>
         <size>0x312</size>
         <input_file_ref idref="fl-da"/>
      </object_component>
      <object_component id="oc-26f">
         <name>.debug_info</name>
         <load_address>0x112e7</load_address>
         <run_address>0x112e7</run_address>
         <size>0x2c0</size>
         <input_file_ref idref="fl-da"/>
      </object_component>
      <object_component id="oc-328">
         <name>.debug_info</name>
         <load_address>0x115a7</load_address>
         <run_address>0x115a7</run_address>
         <size>0x158</size>
         <input_file_ref idref="fl-da"/>
      </object_component>
      <object_component id="oc-3b5">
         <name>.debug_info</name>
         <load_address>0x116ff</load_address>
         <run_address>0x116ff</run_address>
         <size>0xce</size>
      </object_component>
      <object_component id="oc-1b2">
         <name>.debug_line</name>
         <load_address>0x0</load_address>
         <run_address>0x0</run_address>
         <size>0x389</size>
         <input_file_ref idref="fl-1"/>
      </object_component>
      <object_component id="oc-296">
         <name>.debug_line</name>
         <load_address>0x389</load_address>
         <run_address>0x389</run_address>
         <size>0x2d</size>
         <input_file_ref idref="fl-1"/>
      </object_component>
      <object_component id="oc-9f">
         <name>.debug_line</name>
         <load_address>0x3b6</load_address>
         <run_address>0x3b6</run_address>
         <size>0x177</size>
         <input_file_ref idref="fl-1"/>
      </object_component>
      <object_component id="oc-1b6">
         <name>.debug_line</name>
         <load_address>0x52d</load_address>
         <run_address>0x52d</run_address>
         <size>0xa4</size>
         <input_file_ref idref="fl-1"/>
      </object_component>
      <object_component id="oc-1bb">
         <name>.debug_line</name>
         <load_address>0x5d1</load_address>
         <run_address>0x5d1</run_address>
         <size>0xa3</size>
         <input_file_ref idref="fl-1"/>
      </object_component>
      <object_component id="oc-73">
         <name>.debug_line</name>
         <load_address>0x674</load_address>
         <run_address>0x674</run_address>
         <size>0x7a</size>
         <input_file_ref idref="fl-1"/>
      </object_component>
      <object_component id="oc-b5">
         <name>.debug_line</name>
         <load_address>0x6ee</load_address>
         <run_address>0x6ee</run_address>
         <size>0x20</size>
         <input_file_ref idref="fl-1"/>
      </object_component>
      <object_component id="oc-b0">
         <name>.debug_line</name>
         <load_address>0x70e</load_address>
         <run_address>0x70e</run_address>
         <size>0x7e</size>
         <input_file_ref idref="fl-1"/>
      </object_component>
      <object_component id="oc-171">
         <name>.debug_line</name>
         <load_address>0x78c</load_address>
         <run_address>0x78c</run_address>
         <size>0x7a</size>
         <input_file_ref idref="fl-1"/>
      </object_component>
      <object_component id="oc-78">
         <name>.debug_line</name>
         <load_address>0x806</load_address>
         <run_address>0x806</run_address>
         <size>0x7b</size>
         <input_file_ref idref="fl-1"/>
      </object_component>
      <object_component id="oc-6f">
         <name>.debug_line</name>
         <load_address>0x881</load_address>
         <run_address>0x881</run_address>
         <size>0x41</size>
         <input_file_ref idref="fl-2"/>
      </object_component>
      <object_component id="oc-2e">
         <name>.debug_line</name>
         <load_address>0x8c2</load_address>
         <run_address>0x8c2</run_address>
         <size>0x41</size>
         <input_file_ref idref="fl-2"/>
      </object_component>
      <object_component id="oc-2b">
         <name>.debug_line</name>
         <load_address>0x903</load_address>
         <run_address>0x903</run_address>
         <size>0xa1</size>
         <input_file_ref idref="fl-2"/>
      </object_component>
      <object_component id="oc-39">
         <name>.debug_line</name>
         <load_address>0x9a4</load_address>
         <run_address>0x9a4</run_address>
         <size>0x20</size>
         <input_file_ref idref="fl-2"/>
      </object_component>
      <object_component id="oc-2e9">
         <name>.debug_line</name>
         <load_address>0x9c4</load_address>
         <run_address>0x9c4</run_address>
         <size>0x2a</size>
         <input_file_ref idref="fl-be"/>
      </object_component>
      <object_component id="oc-d7">
         <name>.debug_line</name>
         <load_address>0x9ee</load_address>
         <run_address>0x9ee</run_address>
         <size>0xb3</size>
         <input_file_ref idref="fl-be"/>
      </object_component>
      <object_component id="oc-2ed">
         <name>.debug_line</name>
         <load_address>0xaa1</load_address>
         <run_address>0xaa1</run_address>
         <size>0x9a</size>
         <input_file_ref idref="fl-be"/>
      </object_component>
      <object_component id="oc-225">
         <name>.debug_line</name>
         <load_address>0xb3b</load_address>
         <run_address>0xb3b</run_address>
         <size>0x97</size>
         <input_file_ref idref="fl-be"/>
      </object_component>
      <object_component id="oc-2e3">
         <name>.debug_line</name>
         <load_address>0xbd2</load_address>
         <run_address>0xbd2</run_address>
         <size>0x91</size>
         <input_file_ref idref="fl-bf"/>
      </object_component>
      <object_component id="oc-d0">
         <name>.debug_line</name>
         <load_address>0xc63</load_address>
         <run_address>0xc63</run_address>
         <size>0x4e</size>
         <input_file_ref idref="fl-bf"/>
      </object_component>
      <object_component id="oc-384">
         <name>.debug_line</name>
         <load_address>0xcb1</load_address>
         <run_address>0xcb1</run_address>
         <size>0x20</size>
         <input_file_ref idref="fl-c0"/>
      </object_component>
      <object_component id="oc-363">
         <name>.debug_line</name>
         <load_address>0xcd1</load_address>
         <run_address>0xcd1</run_address>
         <size>0x2d</size>
         <input_file_ref idref="fl-c0"/>
      </object_component>
      <object_component id="oc-21d">
         <name>.debug_line</name>
         <load_address>0xcfe</load_address>
         <run_address>0xcfe</run_address>
         <size>0xae</size>
         <input_file_ref idref="fl-c0"/>
      </object_component>
      <object_component id="oc-166">
         <name>.debug_line</name>
         <load_address>0xdac</load_address>
         <run_address>0xdac</run_address>
         <size>0xd2</size>
         <input_file_ref idref="fl-c1"/>
      </object_component>
      <object_component id="oc-e1">
         <name>.debug_line</name>
         <load_address>0xe7e</load_address>
         <run_address>0xe7e</run_address>
         <size>0xa8</size>
         <input_file_ref idref="fl-c2"/>
      </object_component>
      <object_component id="oc-161">
         <name>.debug_line</name>
         <load_address>0xf26</load_address>
         <run_address>0xf26</run_address>
         <size>0x8e</size>
         <input_file_ref idref="fl-c3"/>
      </object_component>
      <object_component id="oc-e6">
         <name>.debug_line</name>
         <load_address>0xfb4</load_address>
         <run_address>0xfb4</run_address>
         <size>0x67</size>
         <input_file_ref idref="fl-c4"/>
      </object_component>
      <object_component id="oc-dc">
         <name>.debug_line</name>
         <load_address>0x101b</load_address>
         <run_address>0x101b</run_address>
         <size>0x57</size>
         <input_file_ref idref="fl-c5"/>
      </object_component>
      <object_component id="oc-c6">
         <name>.debug_line</name>
         <load_address>0x1072</load_address>
         <run_address>0x1072</run_address>
         <size>0x92</size>
         <input_file_ref idref="fl-c6"/>
      </object_component>
      <object_component id="oc-4b">
         <name>.debug_line</name>
         <load_address>0x1104</load_address>
         <run_address>0x1104</run_address>
         <size>0x4c</size>
         <input_file_ref idref="fl-c6"/>
      </object_component>
      <object_component id="oc-8c">
         <name>.debug_line</name>
         <load_address>0x1150</load_address>
         <run_address>0x1150</run_address>
         <size>0x34</size>
         <input_file_ref idref="fl-c6"/>
      </object_component>
      <object_component id="oc-c3">
         <name>.debug_line</name>
         <load_address>0x1184</load_address>
         <run_address>0x1184</run_address>
         <size>0x92</size>
         <input_file_ref idref="fl-c6"/>
      </object_component>
      <object_component id="oc-87">
         <name>.debug_line</name>
         <load_address>0x1216</load_address>
         <run_address>0x1216</run_address>
         <size>0x20</size>
         <input_file_ref idref="fl-c7"/>
      </object_component>
      <object_component id="oc-1c">
         <name>.debug_line</name>
         <load_address>0x1236</load_address>
         <run_address>0x1236</run_address>
         <size>0x55</size>
         <input_file_ref idref="fl-c7"/>
      </object_component>
      <object_component id="oc-44">
         <name>.debug_line</name>
         <load_address>0x128b</load_address>
         <run_address>0x128b</run_address>
         <size>0x3a</size>
         <input_file_ref idref="fl-c7"/>
      </object_component>
      <object_component id="oc-84">
         <name>.debug_line</name>
         <load_address>0x12c5</load_address>
         <run_address>0x12c5</run_address>
         <size>0x92</size>
         <input_file_ref idref="fl-c7"/>
      </object_component>
      <object_component id="oc-bf">
         <name>.debug_line</name>
         <load_address>0x1357</load_address>
         <run_address>0x1357</run_address>
         <size>0x20</size>
         <input_file_ref idref="fl-c8"/>
      </object_component>
      <object_component id="oc-1a">
         <name>.debug_line</name>
         <load_address>0x1377</load_address>
         <run_address>0x1377</run_address>
         <size>0xa9</size>
         <input_file_ref idref="fl-c8"/>
      </object_component>
      <object_component id="oc-34">
         <name>.debug_line</name>
         <load_address>0x1420</load_address>
         <run_address>0x1420</run_address>
         <size>0x3a</size>
         <input_file_ref idref="fl-c8"/>
      </object_component>
      <object_component id="oc-bc">
         <name>.debug_line</name>
         <load_address>0x145a</load_address>
         <run_address>0x145a</run_address>
         <size>0x9a</size>
         <input_file_ref idref="fl-c8"/>
      </object_component>
      <object_component id="oc-7d">
         <name>.debug_line</name>
         <load_address>0x14f4</load_address>
         <run_address>0x14f4</run_address>
         <size>0x96</size>
         <input_file_ref idref="fl-c8"/>
      </object_component>
      <object_component id="oc-6c">
         <name>.debug_line</name>
         <load_address>0x158a</load_address>
         <run_address>0x158a</run_address>
         <size>0x33</size>
         <input_file_ref idref="fl-c9"/>
      </object_component>
      <object_component id="oc-5e">
         <name>.debug_line</name>
         <load_address>0x15bd</load_address>
         <run_address>0x15bd</run_address>
         <size>0x45</size>
         <input_file_ref idref="fl-c9"/>
      </object_component>
      <object_component id="oc-361">
         <name>.debug_line</name>
         <load_address>0x1602</load_address>
         <run_address>0x1602</run_address>
         <size>0x20</size>
         <input_file_ref idref="fl-ca"/>
      </object_component>
      <object_component id="oc-35f">
         <name>.debug_line</name>
         <load_address>0x1622</load_address>
         <run_address>0x1622</run_address>
         <size>0x2b</size>
         <input_file_ref idref="fl-ca"/>
      </object_component>
      <object_component id="oc-216">
         <name>.debug_line</name>
         <load_address>0x164d</load_address>
         <run_address>0x164d</run_address>
         <size>0x40</size>
         <input_file_ref idref="fl-ca"/>
      </object_component>
      <object_component id="oc-3f">
         <name>.debug_line</name>
         <load_address>0x168d</load_address>
         <run_address>0x168d</run_address>
         <size>0x88</size>
         <input_file_ref idref="fl-cb"/>
      </object_component>
      <object_component id="oc-349">
         <name>.debug_line</name>
         <load_address>0x1715</load_address>
         <run_address>0x1715</run_address>
         <size>0xbf</size>
         <input_file_ref idref="fl-cd"/>
      </object_component>
      <object_component id="oc-183">
         <name>.debug_line</name>
         <load_address>0x17d4</load_address>
         <run_address>0x17d4</run_address>
         <size>0x6f</size>
         <input_file_ref idref="fl-cd"/>
      </object_component>
      <object_component id="oc-34d">
         <name>.debug_line</name>
         <load_address>0x1843</load_address>
         <run_address>0x1843</run_address>
         <size>0x2e</size>
         <input_file_ref idref="fl-cd"/>
      </object_component>
      <object_component id="oc-37a">
         <name>.debug_line</name>
         <load_address>0x1871</load_address>
         <run_address>0x1871</run_address>
         <size>0x9a</size>
         <input_file_ref idref="fl-cd"/>
      </object_component>
      <object_component id="oc-352">
         <name>.debug_line</name>
         <load_address>0x190b</load_address>
         <run_address>0x190b</run_address>
         <size>0x97</size>
         <input_file_ref idref="fl-cd"/>
      </object_component>
      <object_component id="oc-357">
         <name>.debug_line</name>
         <load_address>0x19a2</load_address>
         <run_address>0x19a2</run_address>
         <size>0x93</size>
         <input_file_ref idref="fl-cd"/>
      </object_component>
      <object_component id="oc-99">
         <name>.debug_line</name>
         <load_address>0x1a35</load_address>
         <run_address>0x1a35</run_address>
         <size>0x40</size>
         <input_file_ref idref="fl-ce"/>
      </object_component>
      <object_component id="oc-175">
         <name>.debug_line</name>
         <load_address>0x1a75</load_address>
         <run_address>0x1a75</run_address>
         <size>0x3c</size>
         <input_file_ref idref="fl-d0"/>
      </object_component>
      <object_component id="oc-2f9">
         <name>.debug_line</name>
         <load_address>0x1ab1</load_address>
         <run_address>0x1ab1</run_address>
         <size>0x82</size>
         <input_file_ref idref="fl-d3"/>
      </object_component>
      <object_component id="oc-2f7">
         <name>.debug_line</name>
         <load_address>0x1b33</load_address>
         <run_address>0x1b33</run_address>
         <size>0x7d</size>
         <input_file_ref idref="fl-d3"/>
      </object_component>
      <object_component id="oc-234">
         <name>.debug_line</name>
         <load_address>0x1bb0</load_address>
         <run_address>0x1bb0</run_address>
         <size>0x95</size>
         <input_file_ref idref="fl-d3"/>
      </object_component>
      <object_component id="oc-23c">
         <name>.debug_line</name>
         <load_address>0x1c45</load_address>
         <run_address>0x1c45</run_address>
         <size>0xd1</size>
         <input_file_ref idref="fl-d3"/>
      </object_component>
      <object_component id="oc-12a">
         <name>.debug_line</name>
         <load_address>0x1d16</load_address>
         <run_address>0x1d16</run_address>
         <size>0x93</size>
         <input_file_ref idref="fl-d3"/>
      </object_component>
      <object_component id="oc-100">
         <name>.debug_line</name>
[...]
            <logical_group_ref idref="lg-5"/>
            <logical_group_ref idref="lg-6"/>
         </contents>
      </load_segment>
      <load_segment id="lg-3c1" display="no" color="cyan">
         <name>SEGMENT_1</name>
         <run_address>0x20000000</run_address>
         <size>0x5e4</size>
         <flags>0x6</flags>
         <contents>
            <logical_group_ref idref="lg-9"/>
            <logical_group_ref idref="lg-d"/>
            <logical_group_ref idref="lg-b"/>
            <logical_group_ref idref="lg-a"/>
         </contents>
      </load_segment>
   </logical_group_list>
   <placement_map>
      <memory_area display="yes" color="green">
         <name>FLASH</name>
         <page_id>0x0</page_id>
         <origin>0x0</origin>
         <length>0x40000</length>
         <used_space>0x219e</used_space>
         <unused_space>0x3de62</unused_space>
         <attributes>RX</attributes>
         <usage_details>
            <allocated_space>
               <start_address>0x0</start_address>
               <size>0x26c</size>
               <logical_group_ref idref="lg-3"/>
            </allocated_space>
            <allocated_space>
               <start_address>0x26c</start_address>
               <size>0x1caa</size>
               <logical_group_ref idref="lg-4"/>
            </allocated_space>
            <available_space>
               <start_address>0x1f16</start_address>
               <size>0x2</size>
            </available_space>
            <allocated_space>
               <start_address>0x1f18</start_address>
               <size>0x240</size>
               <logical_group_ref idref="lg-5"/>
            </allocated_space>
            <allocated_space>
               <start_address>0x2158</start_address>
               <size>0x48</size>
               <logical_group_ref idref="lg-6"/>
            </allocated_space>
            <available_space>
               <start_address>0x21a0</start_address>
               <size>0x3de60</size>
            </available_space>
         </usage_details>
      </memory_area>
      <memory_area display="yes" color="green">
         <name>SRAM</name>
         <page_id>0x0</page_id>
         <origin>0x20000000</origin>
         <length>0x8000</length>
         <used_space>0x5dd</used_space>
         <unused_space>0x7a23</unused_space>
         <attributes>RWX</attributes>
         <usage_details>
            <allocated_space>
               <start_address>0x20000000</start_address>
               <size>0x0</size>
               <logical_group_ref idref="lg-387"/>
            </allocated_space>
            <allocated_space>
               <start_address>0x20000000</start_address>
               <size>0x26c</size>
               <logical_group_ref idref="lg-9"/>
            </allocated_space>
            <available_space>
               <start_address>0x2000026c</start_address>
               <size>0x4</size>
            </available_space>
            <allocated_space>
               <start_address>0x20000270</start_address>
               <size>0x200</size>
               <logical_group_ref idref="lg-d"/>
            </allocated_space>
            <allocated_space>
               <start_address>0x20000470</start_address>
               <size>0x15d</size>
               <logical_group_ref idref="lg-b"/>
            </allocated_space>
            <available_space>
               <start_address>0x200005cd</start_address>
               <size>0x3</size>
            </available_space>
            <allocated_space>
               <start_address>0x200005d0</start_address>
               <size>0x14</size>
               <logical_group_ref idref="lg-a"/>
            </allocated_space>
            <available_space>
               <start_address>0x200005e4</start_address>
               <size>0x7a1c</size>
            </available_space>
         </usage_details>
      </memory_area>
   </placement_map>
   <cptbl_list>
      <cptbl>
         <name>__TI_cinit_table</name>
         <cprec>
            <name>.data</name>
            <load_address>0x2158</load_address>
            <load_size>0x11</load_size>
            <run_address>0x200005d0</run_address>
            <run_size>0x14</run_size>
            <compression>lzss</compression>
         </cprec>
         <cprec>
            <name>.bss</name>
            <load_address>0x2178</load_address>
            <load_size>0x8</load_size>
            <run_address>0x20000470</run_address>
            <run_size>0x15d</run_size>
            <compression>zero_init</compression>
         </cprec>
         <cprec>
            <name>.vtable</name>
            <load_address>0x2180</load_address>
            <load_size>0x8</load_size>
            <run_address>0x20000000</run_address>
            <run_size>0x26c</run_size>
            <compression>zero_init</compression>
         </cprec>
      </cptbl>
   </cptbl_list>
   <handler_table>
      <handler_table_name>__TI_handler_table</handler_table_name>
      <handler>
         <index>0x0</index>
         <name>__TI_zero_init</name>
      </handler>
      <handler>
         <index>0x1</index>
         <name>__TI_decompress_lzss</name>
      </handler>
      <handler>
         <index>0x2</index>
         <name>__TI_decompress_none</name>
      </handler>
   </handler_table>
   <symbol_table>
      <symbol id="sm-1">
         <name>__STACK_TOP</name>
         <value>0x20000470</value>
      </symbol>
      <symbol id="sm-2">
         <name>__start___llvm_prf_cnts</name>
         <value>0x20000000</value>
      </symbol>
      <symbol id="sm-3">
         <name>__stop___llvm_prf_cnts</name>
         <value>0x20000000</value>
      </symbol>
      <symbol id="sm-4">
         <name>__TI_CINIT_Base</name>
         <value>0x2188</value>
      </symbol>
      <symbol id="sm-5">
         <name>__TI_CINIT_Limit</name>
         <value>0x21a0</value>
      </symbol>
      <symbol id="sm-6">
         <name>__TI_Handler_Table_Base</name>
         <value>0x216c</value>
      </symbol>
      <symbol id="sm-7">
         <name>__TI_Handler_Table_Limit</name>
         <value>0x2178</value>
      </symbol>
      <symbol id="sm-8">
         <name>binit</name>
         <value>0xffffffff</value>
      </symbol>
      <symbol id="sm-9">
         <name>__binit__</name>
         <value>0xffffffff</value>
      </symbol>
      <symbol id="sm-a">
         <name>__STACK_SIZE</name>
         <value>0x200</value>
      </symbol>
      <symbol id="sm-b">
         <name>__STACK_END</name>
         <value>0x20000470</value>
      </symbol>
      <symbol id="sm-c">
         <name>__c_args__</name>
         <value>0xffffffff</value>
      </symbol>
      <symbol id="sm-d">
         <name>__TI_pprof_out_hndl</name>
         <value>0xffffffff</value>
      </symbol>
      <symbol id="sm-e">
         <name>__TI_prof_data_start</name>
         <value>0xffffffff</value>
      </symbol>
      <symbol id="sm-f">
         <name>__TI_prof_data_size</name>
         <value>0xffffffff</value>
      </symbol>
      <symbol id="sm-95">
         <name>g_bMPU6050Done</name>
         <value>0x200005cc</value>
      </symbol>
      <symbol id="sm-96">
         <name>sMPU6050</name>
         <value>0x20000594</value>
      </symbol>
      <symbol id="sm-97">
         <name>g_sI2CMSimpleInst</name>
         <value>0x20000470</value>
      </symbol>
      <symbol id="sm-98">
         <name>g_fDeltaTime</name>
         <value>0x200005d8</value>
         <object_component_ref idref="oc-16a"/>
      </symbol>
      <symbol id="sm-99">
         <name>InitUART</name>
         <value>0x375</value>
         <object_component_ref idref="oc-9b"/>
      </symbol>
      <symbol id="sm-9a">
         <name>MPU6050Callback</name>
         <value>0x26d</value>
         <object_component_ref idref="oc-9b"/>
      </symbol>
      <symbol id="sm-9b">
         <name>main</name>
         <value>0x415</value>
         <object_component_ref idref="oc-9b"/>
      </symbol>
      <symbol id="sm-9c">
         <name>g_fYaw</name>
         <value>0x200005d0</value>
         <object_component_ref idref="oc-16a"/>
      </symbol>
      <symbol id="sm-9d">
         <name>computeAnglesFromAccel</name>
         <value>0x28d</value>
         <object_component_ref idref="oc-9b"/>
      </symbol>
      <symbol id="sm-9e">
         <name>sendData</name>
         <value>0x3ab</value>
         <object_component_ref idref="oc-9b"/>
      </symbol>
      <symbol id="sm-9f">
         <name>Initialization</name>
         <value>0x2f3</value>
         <object_component_ref idref="oc-9b"/>
      </symbol>
      <symbol id="sm-a0">
         <name>g_fPitch</name>
         <value>0x200005d4</value>
         <object_component_ref idref="oc-16a"/>
      </symbol>
      <symbol id="sm-a1">
         <name>g_fComplementaryFilterCoeff</name>
         <value>0x200005dc</value>
         <object_component_ref idref="oc-16a"/>
      </symbol>
      <symbol id="sm-a2">
         <name>I2CMSimpleIntHandler</name>
         <value>0x283</value>
         <object_component_ref idref="oc-9b"/>
      </symbol>
      <symbol id="sm-c3">
         <name>ResetISR</name>
         <value>0x1ebd</value>
         <object_component_ref idref="oc-27"/>
      </symbol>
      <symbol id="sm-c4">
         <name>g_pfnVectors</name>
         <value>0x0</value>
         <object_component_ref idref="oc-12"/>
      </symbol>
      <symbol id="sm-100">
         <name>atan2f</name>
         <value>0x80d</value>
         <object_component_ref idref="oc-d5"/>
      </symbol>
      <symbol id="sm-110">
         <name>sqrtf</name>
         <value>0x1d95</value>
         <object_component_ref idref="oc-cf"/>
      </symbol>
      <symbol id="sm-13d">
         <name>atanf</name>
         <value>0x965</value>
         <object_component_ref idref="oc-21a"/>
      </symbol>
      <symbol id="sm-154">
         <name>__aeabi_dsub</name>
         <value>0x655</value>
         <object_component_ref idref="oc-162"/>
      </symbol>
      <symbol id="sm-155">
         <name>__aeabi_dadd</name>
         <value>0x65f</value>
         <object_component_ref idref="oc-162"/>
      </symbol>
      <symbol id="sm-169">
         <name>__aeabi_ddiv</name>
         <value>0xab5</value>
         <object_component_ref idref="oc-e0"/>
      </symbol>
      <symbol id="sm-174">
         <name>__aeabi_dmul</name>
         <value>0xe2d</value>
         <object_component_ref idref="oc-15d"/>
      </symbol>
      <symbol id="sm-180">
         <name>__aeabi_d2f</name>
         <value>0x1515</value>
         <object_component_ref idref="oc-e5"/>
      </symbol>
      <symbol id="sm-18b">
         <name>__aeabi_f2d</name>
         <value>0x1c37</value>
         <object_component_ref idref="oc-db"/>
      </symbol>
      <symbol id="sm-1a4">
         <name>__TI_zero_init_nomemset</name>
         <value>0x1dfd</value>
         <object_component_ref idref="oc-47"/>
      </symbol>
      <symbol id="sm-1bb">
         <name>__TI_decompress_none</name>
         <value>0x1ea3</value>
         <object_component_ref idref="oc-1b"/>
      </symbol>
      <symbol id="sm-1de">
         <name>__TI_decompress_lzss</name>
         <value>0x1655</value>
         <object_component_ref idref="oc-15"/>
      </symbol>
      <symbol id="sm-1f1">
         <name>__stack</name>
         <value>0x20000270</value>
         <object_component_ref idref="oc-24"/>
      </symbol>
      <symbol id="sm-1f2">
         <name>_c_int00_noargs</name>
         <value>0x1d0d</value>
         <object_component_ref idref="oc-59"/>
      </symbol>
      <symbol id="sm-208">
         <name>__aeabi_errno_addr</name>
         <value>0x1ef5</value>
         <object_component_ref idref="oc-212"/>
      </symbol>
      <symbol id="sm-209">
         <name>errno</name>
         <value>0x200005e0</value>
         <object_component_ref idref="oc-2dd"/>
      </symbol>
      <symbol id="sm-224">
         <name>memcpy</name>
         <value>0x1201</value>
         <object_component_ref idref="oc-3b"/>
      </symbol>
      <symbol id="sm-225">
         <name>__aeabi_memcpy</name>
         <value>0x1201</value>
         <object_component_ref idref="oc-3b"/>
      </symbol>
      <symbol id="sm-226">
         <name>__aeabi_memcpy8</name>
         <value>0x1201</value>
         <object_component_ref idref="oc-3b"/>
      </symbol>
      <symbol id="sm-227">
         <name>__aeabi_memcpy4</name>
         <value>0x1201</value>
         <object_component_ref idref="oc-3b"/>
      </symbol>
      <symbol id="sm-250">
         <name>__TI_auto_init_nobinit_nopinit</name>
         <value>0x1b31</value>
         <object_component_ref idref="oc-17f"/>
      </symbol>
      <symbol id="sm-25a">
         <name>_system_pre_init</name>
         <value>0x1f0f</value>
         <object_component_ref idref="oc-95"/>
      </symbol>
      <symbol id="sm-266">
         <name>C$$EXIT</name>
         <value>0x1f13</value>
         <object_component_ref idref="oc-173"/>
      </symbol>
      <symbol id="sm-267">
         <name>abort</name>
         <value>0x1f13</value>
         <object_component_ref idref="oc-173"/>
      </symbol>
      <symbol id="sm-2b0">
         <name>GPIOPinConfigure</name>
         <value>0x1a15</value>
         <object_component_ref idref="oc-f6"/>
      </symbol>
      <symbol id="sm-2b1">
         <name>GPIOPinTypeI2CSCL</name>
         <value>0x1e71</value>
         <object_component_ref idref="oc-fc"/>
      </symbol>
      <symbol id="sm-2b2">
         <name>GPIOPinTypeI2C</name>
         <value>0x1e5f</value>
         <object_component_ref idref="oc-102"/>
      </symbol>
      <symbol id="sm-2b3">
         <name>GPIOPinTypeUART</name>
         <value>0x1e83</value>
         <object_component_ref idref="oc-126"/>
      </symbol>
      <symbol id="sm-2b4">
         <name>GPIODirModeSet</name>
         <value>0x1d41</value>
         <object_component_ref idref="oc-232"/>
      </symbol>
      <symbol id="sm-2b5">
         <name>GPIOPadConfigSet</name>
         <value>0xbeb</value>
         <object_component_ref idref="oc-238"/>
      </symbol>
      <symbol id="sm-325">
         <name>I2CIntRegister</name>
         <value>0x1e33</value>
         <object_component_ref idref="oc-11a"/>
      </symbol>
      <symbol id="sm-326">
         <name>I2CMasterDataPut</name>
         <value>0x1f0b</value>
         <object_component_ref idref="oc-2cc"/>
      </symbol>
      <symbol id="sm-327">
         <name>I2CMasterInitExpClk</name>
         <value>0x1931</value>
         <object_component_ref idref="oc-10e"/>
      </symbol>
      <symbol id="sm-328">
         <name>I2CMasterSlaveAddrSet</name>
         <value>0x1eed</value>
         <object_component_ref idref="oc-2c4"/>
      </symbol>
      <symbol id="sm-329">
         <name>I2CMasterDataGet</name>
         <value>0x1f07</value>
         <object_component_ref idref="oc-2ba"/>
      </symbol>
      <symbol id="sm-32a">
         <name>I2CMasterIntEnableEx</name>
         <value>0x1ee5</value>
         <object_component_ref idref="oc-252"/>
      </symbol>
      <symbol id="sm-32b">
         <name>I2CMasterControl</name>
         <value>0x1f03</value>
         <object_component_ref idref="oc-1c3"/>
      </symbol>
      <symbol id="sm-32c">
         <name>I2CMasterEnable</name>
         <value>0x1ec9</value>
         <object_component_ref idref="oc-244"/>
      </symbol>
      <symbol id="sm-32d">
         <name>I2CMasterIntClear</name>
         <value>0x1edd</value>
         <object_component_ref idref="oc-1bd"/>
      </symbol>
      <symbol id="sm-394">
         <name>IntIsEnabled</name>
         <value>0x16bd</value>
         <object_component_ref idref="oc-312"/>
      </symbol>
      <symbol id="sm-395">
         <name>IntEnable</name>
         <value>0x15ed</value>
         <object_component_ref idref="oc-24c"/>
      </symbol>
      <symbol id="sm-396">
         <name>IntTrigger</name>
         <value>0x1eb1</value>
         <object_component_ref idref="oc-31e"/>
      </symbol>
      <symbol id="sm-397">
         <name>IntDisable</name>
         <value>0x1585</value>
         <object_component_ref idref="oc-318"/>
      </symbol>
      <symbol id="sm-398">
         <name>IntRegister</name>
         <value>0x1ca5</value>
         <object_component_ref idref="oc-25f"/>
      </symbol>
      <symbol id="sm-399">
         <name>g_pfnRAMVectors</name>
         <value>0x20000000</value>
         <object_component_ref idref="oc-30e"/>
      </symbol>
      <symbol id="sm-3f7">
         <name>SysCtlClockSet</name>
         <value>0xf29</value>
         <object_component_ref idref="oc-13f"/>
      </symbol>
      <symbol id="sm-3f8">
         <name>SysCtlDelay</name>
         <value>0x1efd</value>
         <object_component_ref idref="oc-168"/>
      </symbol>
      <symbol id="sm-3f9">
         <name>SysCtlPeripheralEnable</name>
         <value>0x1cd9</value>
         <object_component_ref idref="oc-ea"/>
      </symbol>
      <symbol id="sm-3fa">
         <name>SysCtlClockGet</name>
         <value>0xd1d</value>
         <object_component_ref idref="oc-108"/>
      </symbol>
      <symbol id="sm-3fb">
         <name>SysCtlPeripheralReset</name>
         <value>0x18e1</value>
         <object_component_ref idref="oc-f0"/>
      </symbol>
      <symbol id="sm-42d">
         <name>UARTConfigSetExpClk</name>
         <value>0x1aa5</value>
         <object_component_ref idref="oc-12c"/>
      </symbol>
      <symbol id="sm-42e">
         <name>UARTDisable</name>
         <value>0x1ddd</value>
         <object_component_ref idref="oc-275"/>
      </symbol>
      <symbol id="sm-42f">
         <name>UARTCharPut</name>
         <value>0x1ed3</value>
         <object_component_ref idref="oc-138"/>
      </symbol>
      <symbol id="sm-430">
         <name>UARTEnable</name>
         <value>0x1e4b</value>
         <object_component_ref idref="oc-27b"/>
      </symbol>
      <symbol id="sm-431">
         <name>UARTSpaceAvail</name>
         <value>0x1e95</value>
         <object_component_ref idref="oc-132"/>
      </symbol>
      <symbol id="sm-508">
         <name>I2CMCommand</name>
         <value>0x1335</value>
         <object_component_ref idref="oc-266"/>
      </symbol>
      <symbol id="sm-509">
         <name>I2CMInit</name>
         <value>0x1c6f</value>
         <object_component_ref idref="oc-114"/>
      </symbol>
      <symbol id="sm-50a">
         <name>I2CMReadModifyWrite8</name>
         <value>0x13bd</value>
         <object_component_ref idref="oc-286"/>
      </symbol>
      <symbol id="sm-50b">
         <name>I2CMIntHandler</name>
         <value>0x101d</value>
         <object_component_ref idref="oc-c9"/>
      </symbol>
      <symbol id="sm-56e">
         <name>MPU6050DataGyroGetFloat</name>
         <value>0x14a5</value>
         <object_component_ref idref="oc-157"/>
      </symbol>
      <symbol id="sm-56f">
         <name>MPU6050DataAccelGetFloat</name>
         <value>0x1435</value>
         <object_component_ref idref="oc-151"/>
      </symbol>
      <symbol id="sm-570">
         <name>MPU6050DataRead</name>
         <value>0x183d</value>
         <object_component_ref idref="oc-14b"/>
      </symbol>
      <symbol id="sm-571">
         <name>MPU6050Init</name>
         <value>0x17e1</value>
         <object_component_ref idref="oc-120"/>
      </symbol>
      <symbol id="sm-572">
         <name>MPU6050ReadModifyWrite</name>
         <value>0x197d</value>
         <object_component_ref idref="oc-145"/>
      </symbol>
      <symbol id="sm-573">
         <name>__TI_static_base__</name>
         <value>0x0</value>
      </symbol>
      <symbol id="sm-576">
         <name>__mpu_init</name>
         <value>0x0</value>
      </symbol>
      <symbol id="sm-577">
         <name>_system_post_cinit</name>
         <value>0x0</value>
      </symbol>
   </symbol_table>
   <title>Link successful</title>
</link_info>
